[uniformcraft.com/index.html]
[uniformcraft.com/cdn/shop/t/21/assets/favicon90ef.png]
[uniformcraft.com/cdn/shop/t/21/assets/iphone_icon42a8.png]
[uniformcraft.com/cdn/shop/t/21/assets/iphone_icon_retina5dbb.png]
[uniformcraft.com/cdn/shop/t/21/assets/ipad_icon66df.png]
[uniformcraft.com/cdn/shop/t/21/assets/ipad_icon_retinaf5c4.png]
[backblue.gif]
[fade.gif]
[index.html]
[maxcdn.bootstrapcdn.com/font-awesome/4.4.0/css/font-awesome.min.css]
[cdnjs.cloudflare.com/ajax/libs/material-design-iconic-font/2.1.1/css/material-design-iconic-font.min.css]
[uniformcraft.com/cdn/shop/t/21/assets/rt.webfont.scss00b0.css]
[uniformcraft.com/cdn/shop/t/21/assets/jquery.plugins.min.scss14c3.css]
[uniformcraft.com/cdn/shop/t/21/assets/jquery.flexslider.scss971d.css]
[uniformcraft.com/cdn/shop/t/21/assets/bootstrap.min.3x22a1.css]
[uniformcraft.com/cdn/shop/t/21/assets/rt.global.scss2b57.css]
[uniformcraft.com/cdn/shop/t/21/assets/rt.style.scssc2b5.css]
[uniformcraft.com/cdn/shop/t/21/assets/rt.custom.scss4429.css]
[uniformcraft.com/cdn/shop/t/21/assets/rt.media.scssbbd8.css]
[uniformcraft.com/cdn/shop/t/21/assets/loader5c3e.gif]
[uniformcraft.com/cdn/shop/t/21/assets/blank89b7.gif]
[uniformcraft.com/cdn/shop/t/21/assets/jquery-2.1.4.min61a4.js]
[uniformcraft.com/cdn/shop/t/21/assets/jquery.easing.1.35bf1.js]
[uniformcraft.com/cdn/shop/t/21/assets/bootstrap.min.3x5fc6.js]
[uniformcraft.com/cdn/shop/t/21/assets/modernizr9f86.js]
[uniformcraft.com/cdn/shop/t/21/assets/blue0fc0.png]
[uniformcraft.com/checkouts/internal/preloadsd568.js]
[cdn.shopify.com/shopifycloud/storefront-forms-hcaptcha/ce_storefront_forms_captcha_hcaptcha.v1.4.0.iife.js]
[uniformcraft.com/cdn/shopifycloud/shopify/assets/storefront/load_feature-1060834584ef204397b1179782a1b090047ee4397cb627244ab89e03f65c4307.js]
[uniformcraft.com/cdn/shopifycloud/portable-wallets/latest/portable-wallets.en.js]
[static.personizely.net/b2f08c104a.30.delayed]
[cdn.shopify.com/extensions/10143583-d4b6-4e47-90bd-b281ace5d8bb/inbox-1177/assets/inbox-chat-loader.js]
[cdn.shopify.com/extensions/dbbcc004-64fb-4fdd-9973-ece97c028357/volume-discounts-49/assets/hulkcode.js]
[cdn.shopify.com/extensions/dbbcc004-64fb-4fdd-9973-ece97c028357/volume-discounts-49/assets/hulkcode.css]
[uniformcraft.com/POST.34.delayed]
[uniformcraft.com/cdn]
[uniformcraft.com/cdn/s/trekkie.storefront.bb32418b94c37354e44146cb43d02fd63a44aac1.min.js]
[uniformcraft.com/cdn/shopifycloud/shopify/assets/shop_events_listener-61fa9e0a912c675e178777d2b27f6cbd482f8912a6b0aa31fa3515985a8cd626.js]
[uniformcraft.com/cdn/shopifycloud/perf-kit/shopify-perf-kit-1.0.1.min.js]
[www.google-analytics.com/analytics.js]
[uniformcraft.com/pages/about-us.html]
[uniformcraft.com/collections/nurse-uniforms.html]
[uniformcraft.com/collections/scrub-suits.html]
[uniformcraft.com/collections/uc-stretch-1.html]
[uniformcraft.com/collections/doctor-coats.html]
[uniformcraft.com/collections/scrub-caps.html]
[uniformcraft.com/collections/patient-wear.html]
[uniformcraft.com/collections/bedsheets.html]
[uniformcraft.com/collections/non-clinical.html]
[uniformcraft.com/pages/faqs.html]
[uniformcraft.com/cdn/shop/t/21/assets/logo17a8.png]
[uniformcraft.com/cdn/shop/t/21/assets/logo2xb6cf.png]
[uniformcraft.com/cdn/shop/t/21/assets/logo_stickyeef0.png]
[uniformcraft.com/blogs/news/lab-coats.html]
[uniformcraft.com/collections/front-desk-attire.html]
[uniformcraft.com/collections/support-staff.html]
[uniformcraft.com/collections/t-shirts.html]
[uniformcraft.com/account/login.html]
[uniformcraft.com/account/register.html]
[uniformcraft.com/cdn/shop/t/21/assets/slide_image_1964c.jpg]
[uniformcraft.com/collections/all.html]
[uniformcraft.com/cdn/shop/t/21/assets/slide_image_26d65.jpg]
[uniformcraft.com/cdn/shop/t/21/assets/slide_image_34e05.jpg]
[uniformcraft.com/cdn/shop/t/21/assets/slide_image_4744e.jpg]
[uniformcraft.com/cdn/shop/t/21/assets/offer_image_1af11.jpg]
[uniformcraft.com/cdn/shop/t/21/assets/offer_image_28ad7.jpg]
[uniformcraft.com/cdn/shop/t/21/assets/offer_image_36a45.jpg]
[uniformcraft.com/products/female-scrub-suit-dsvx.html]
[uniformcraft.com/collections/our-bestsellers/products/female-scrub-suit-dsvx.html]
[uniformcraft.com/cdn/shop/files/OLIVEBLUE2_large1a71.jpg]
[uniformcraft.com/cdn/shop/files/OLIVEBLUE2_grande1a71.jpg]
[uniformcraft.com/cdn/shop/files/Scrubs-Female_grande3023.jpg]
[uniformcraft.com/cdn/shop/files/OLIVEBLUE_7b982133-f83f-42ed-a948-cc5557a60416_grande3023.jpg]
[uniformcraft.com/cdn/shop/products/dsvx-emb_grande3023.png]
[uniformcraft.com/cdn/shop/files/BRIGHTBLUE_grande3023.jpg]
[uniformcraft.com/cdn/shop/files/OCEANBLUE4_grande3023.jpg]
[uniformcraft.com/cdn/shop/products/DSVX-OB-Front_grande3023.jpg]
[uniformcraft.com/cdn/shop/files/ISLANDBLUE_grande3023.jpg]
[uniformcraft.com/cdn/shop/products/DSVX-IB-45_grande3023.jpg]
[uniformcraft.com/cdn/shop/products/DSVX-DT-FRONT_grande3023.png]
[uniformcraft.com/cdn/shop/files/DARKTEAL_grande3023.jpg]
[uniformcraft.com/cdn/shop/files/LIGHTTEAL_grande3023.jpg]
[uniformcraft.com/cdn/shop/products/DSVX-LT-Front_grande3023.jpg]
[uniformcraft.com/cdn/shop/files/1.OLIVEGREEN_e829ebd2-c6f6-4c46-8408-237195c33d61_grandeaa59.jpg]
[uniformcraft.com/cdn/shop/products/DSVX-OLG-Front_grandeaa59.jpg]
[uniformcraft.com/cdn/shop/files/LIMEGREEN2_grandeaa59.jpg]
[uniformcraft.com/cdn/shop/products/DSVX-LIMG-Front-amazon_grandeaa59.jpg]
[uniformcraft.com/cdn/shop/files/DSVX-LIG_grandeaa59.png]
[uniformcraft.com/cdn/shop/files/LIGHTGREEN_grandeaa59.jpg]
[uniformcraft.com/cdn/shop/files/GREY_grandeaa59.jpg]
[uniformcraft.com/cdn/shop/products/DSVX-GR-Front_grandeaa59.jpg]
[uniformcraft.com/cdn/shop/files/PLUM_grandeaa59.jpg]
[uniformcraft.com/cdn/shop/products/DSVX-PL-Front_grandeaa59.jpg]
[uniformcraft.com/cdn/shop/files/MUSTARD_grandeaa59.jpg]
[uniformcraft.com/cdn/shop/products/DSVX-MUS-Front_grandeaa59.jpg]
[uniformcraft.com/cdn/shop/files/VIOLET_grandeaa59.jpg]
[uniformcraft.com/cdn/shop/products/DSVX-VI-Front_grandeaa59.jpg]
[uniformcraft.com/cdn/shop/files/BLACK_grandeaa59.jpg]
[uniformcraft.com/cdn/shop/products/DSVX-BLK-Front_grandeaa59.jpg]
[uniformcraft.com/cdn/shop/files/CRIMSONRED1_grandeaa59.jpg]
[uniformcraft.com/cdn/shop/files/LAVENDAR_grandeaa59.jpg]
[uniformcraft.com/cdn/shop/products/DSVX-CR-Front_grandeaa59.jpg]
[uniformcraft.com/cdn/shop/files/DSVXLav_grandeaa59.png]
[uniformcraft.com/products/male-scrub-suit-designer-dsdv.html]
[uniformcraft.com/collections/our-bestsellers/products/male-scrub-suit-designer-dsdv.html]
[uniformcraft.com/cdn/shop/files/1.FRONT_6_4ce0d195-bdfa-4226-ab2e-a45e017ae8f4_large1ea5.jpg]
[uniformcraft.com/cdn/shop/files/1.FRONT_6_4ce0d195-bdfa-4226-ab2e-a45e017ae8f4_grande1ea5.jpg]
[uniformcraft.com/cdn/shop/files/Scrubs-Male_d66d4203-5857-441b-a9cc-127c43fff06f_grandefae1.jpg]
[uniformcraft.com/cdn/shop/files/1.FRONT_1_grandefae1.jpg]
[uniformcraft.com/cdn/shop/files/1.FRONT_2_grande1ea5.jpg]
[uniformcraft.com/cdn/shop/files/1.FRONT_3_grande1ea5.jpg]
[uniformcraft.com/cdn/shop/files/1.FRONT_4_grande1ea5.jpg]
[uniformcraft.com/products/female-scrub-suit-designer-dsdx.html]
[uniformcraft.com/collections/our-bestsellers/products/female-scrub-suit-designer-dsdx.html]
[uniformcraft.com/cdn/shop/files/1.FRONT_9_largec941.jpg]
[uniformcraft.com/cdn/shop/files/1.FRONT_9_grandec941.jpg]
[uniformcraft.com/cdn/shop/files/Scrubs-Female_41d1a53d-b5d2-4a6f-8d0f-83b71e7555a2_grande9954.jpg]
[uniformcraft.com/cdn/shop/files/1.FRONT_7_grande9954.jpg]
[uniformcraft.com/cdn/shop/files/1.FRONT_6_grande9954.jpg]
[uniformcraft.com/cdn/shop/files/1.FRONT_5_grande9954.jpg]
[uniformcraft.com/cdn/shop/files/1.FRONT_8_grande9954.jpg]
[uniformcraft.com/products/nurse-uniform-nt09-ginger-yellow-navy.html]
[uniformcraft.com/collections/our-bestsellers/products/nurse-uniform-nt09-ginger-yellow-navy.html]
[uniformcraft.com/cdn/shop/products/NT09-GYNB-front_larged86a.jpg]
[uniformcraft.com/cdn/shop/products/NT09-GYNB-front_granded86a.jpg]
[uniformcraft.com/cdn/shop/files/Nursing_Set_-_Female_grande9810.png]
[uniformcraft.com/cdn/shop/products/NT09-MGNB-front_grande68fd.jpg]
[uniformcraft.com/cdn/shop/products/NT09-WNB-front_grande68fd.jpg]
[uniformcraft.com/products/male-support-staff-mss02.html]
[uniformcraft.com/collections/our-bestsellers/products/male-support-staff-mss02.html]
[uniformcraft.com/cdn/shop/files/OCEANBLUE_2_852fa6ad-5449-4b4f-9309-b2665fc5732d_largea5a8.jpg]
[uniformcraft.com/cdn/shop/files/OCEANBLUE_2_852fa6ad-5449-4b4f-9309-b2665fc5732d_grandea5a8.jpg]
[uniformcraft.com/products/male-support-staff-mss01.html]
[uniformcraft.com/collections/our-bestsellers/products/male-support-staff-mss01.html]
[uniformcraft.com/cdn/shop/files/MSS01-CR_largeb8b8.png]
[uniformcraft.com/cdn/shop/files/MSS01-CR_grandeb8b8.png]
[uniformcraft.com/cdn/shop/files/Scrubs-Male_grandeb8b8.jpg]
[uniformcraft.com/cdn/shop/files/IMG_1463_1_grandeb8b8.jpg]
[uniformcraft.com/cdn/shop/files/IMG_1500_1_grandeb8b8.jpg]
[uniformcraft.com/cdn/shop/t/21/assets/static_bg830a.jpg]
[cdn.shopify.com/s/files/1/0045/4272/6179/t/2/assets/Icon1.png]
[cdn.shopify.com/s/files/1/0045/4272/6179/t/2/assets/Icon2.png]
[cdn.shopify.com/s/files/1/0045/4272/6179/t/2/assets/Icon3.png]
[cdn.shopify.com/s/files/1/0688/7215/t/12/assets/OurClients63dc.jpg]
[cdn.shopify.com/s/files/1/0688/7215/t/12/assets/Manipal.jpg]
[cdn.shopify.com/s/files/1/0688/7215/t/12/assets/Kauvery.jpg]
[cdn.shopify.com/s/files/1/0688/7215/t/12/assets/Rajagiri.jpg]
[cdn.shopify.com/s/files/1/0688/7215/t/12/assets/BMS.jpg]
[uniformcraft.com/pages/service.html]
[uniformcraft.com/pages/privacy-policy.html]
[uniformcraft.com/pages/terms-and-conditions.html]
[uniformcraft.com/policies/terms-of-service.html]
[uniformcraft.com/policies/refund-policy.html]
[connect.facebook.net/en_US/sdk.js]
[uniformcraft.com/cdn/shop/t/21/assets/No_Imagef33c.png]
[uniformcraft.com/cart.html]
[uniformcraft.com/cdn/shop/t/21/assets/rt.global2192.js]
[uniformcraft.com/cdn/shopifycloud/shopify/assets/themes_support/api.jquery-b0af070cfe3f5cf7c92f9e2a5da2665ee07ed2aad63bb408f8d6672f894a5996.js]
[uniformcraft.com/cdn/shop/t/21/assets/rt.script303d.js]
[uniformcraft.com/cdn/shop/t/21/assets/rt.customdd84.js]
[uniformcraft.com/cdn/shop/t/21/assets/jquery.flexslider-min7ef6.js]
[uniformcraft.com/cdn/shop/t/21/assets/jquery.cookie8c8f.js]
[uniformcraft.com/cdn/shop/t/21/assets/jquery.plugins.min3955.js]
[uniformcraft.com/cdn/shop/t/21/assets/jquery.smoothscroll9699.js]
[uniformcraft.com/cdn/shop/t/21/assets/option_selection46d4.js]
[code.jquery.com/jquery-1.11.0.min.js]
[integration-kit.chateleon.com/v0/sdk_v0.0.5.js]
[integration-kit.chateleon.com/v0/uniform-craft/custom_v0.0.1.js]
[cdn.razorpay.com/static/shopify/analytics.js]
[uniformcraft.com/index.html]
[www.googletagmanager.com/gtm5445.html]
[maxcdn.bootstrapcdn.com/font-awesome/4.4.0/css/font-awesome.min.css]
[cdnjs.cloudflare.com/ajax/libs/material-design-iconic-font/2.1.1/css/material-design-iconic-font.min.css]
[cdn.razorpay.com/static/shopify/magic-rzp.js]
[uniformcraft.com/cdn/shop/t/21/assets/rt.webfont.scss00b0.css]
[uniformcraft.com/cdn/shop/t/21/assets/payment-webfont5d50.eot]
[uniformcraft.com/cdn/shop/t/21/assets/owl.video.play.112.delayed]
[uniformcraft.com/cdn/shop/t/21/assets/loading7ac6.gif]
[uniformcraft.com/cdn/shop/t/21/assets/jquery.plugins.min.scss14c3.css]
[uniformcraft.com/cdn/shop/t/21/assets/jquery.flexslider.scss971d.css]
[uniformcraft.com/cdn/shop/t/21/fonts/glyphicons-halflings-regular.eot]
[uniformcraft.com/cdn/shop/t/21/fonts/glyphicons-halflings-regulard41d.eot]
[uniformcraft.com/cdn/shop/t/21/fonts/glyphicons-halflings-regular.woff]
[uniformcraft.com/cdn/shop/t/21/fonts/glyphicons-halflings-regular.ttf]
[uniformcraft.com/cdn/shop/t/21/fonts/glyphicons-halflings-regular.svg]
[uniformcraft.com/cdn/shop/t/21/assets/bootstrap.min.3x22a1.css]
[uniformcraft.com/cdn/shop/t/21/assets/rt.global.scss2b57.css]
[uniformcraft.com/cdn/shop/t/21/assets/cursor-close0dc6.png]
[uniformcraft.com/cdn/shop/t/21/assets/rt.style.scssc2b5.css]
[uniformcraft.com/cdn/shop/t/21/assets/rt.custom.scss4429.css]
[uniformcraft.com/cdn/shop/t/21/assets/rt.media.scssbbd8.css]
[static.personizely.net/b2f08c104a.html]
[cdn.shopify.com/extensions/dbbcc004-64fb-4fdd-9973-ece97c028357/volume-discounts-49/assets/hulkcode.css]
[uniformcraft.com/POST.html]
[uniformcraft.com/cdn.html]
[cdnjs.cloudflare.com/ajax/libs/intl-tel-input/17.0.13/img/flags.png]
[uniformcraft.com/pages/POST]
[uniformcraft.com/cdn/shop/t/21/assets/aboutusc35e.jpg]
[uniformcraft.com/pages/about-us.html]
[uniformcraft.com/cdn/shopifycloud/shopify/assets/themes_support/shopify_common-33bb9d312118840468a53f36b59c62c1e8f2b7d1a0a77250db9e300441827470.js]
[uniformcraft.com/cdn/shop/t/21/assets/shopify_common4bd2.js]
[uniformcraft.com/collections/nurse-uniforms.atom]
[uniformcraft.com/collections/nurse-uniforms4658.html]
[uniformcraft.com/collections/nurse-uniforms.oembed]
[uniformcraft.com/collections/POST]
[uniformcraft.com/cdn/shop/collections/Nurse_Wear8511.jpg]
[uniformcraft.com/cdn/shop/t/21/assets/jquery.ba-dotimeout.min9faa.js]
[uniformcraft.com/products/nursing-uniform-set-nt01-1.html]
[uniformcraft.com/collections/nurse-uniforms/products/nursing-uniform-set-nt01-1.html]
[uniformcraft.com/cdn/shop/files/NT01-PINK-FRONT_6be4d629-4ec1-4ec6-b605-9b10b876be9e_large044e.jpg]
[uniformcraft.com/cdn/shop/files/NT01-PINK-FRONT_6be4d629-4ec1-4ec6-b605-9b10b876be9e_grande044e.jpg]
[uniformcraft.com/cdn/shop/files/NT01-LB-FRONT_grande2d99.jpg]
[uniformcraft.com/cdn/shop/products/NT01-LBW-Front_grande2d99.jpg]
[uniformcraft.com/cdn/shop/files/NT01-WHITE-FRONT_grande2d99.jpg]
[uniformcraft.com/cdn/shop/products/NT01-MGW-Front_077a8311-91ff-4d44-b645-e0afafe34b5a_grande2d99.jpg]
[uniformcraft.com/cdn/shop/files/NT01-ASHGREEN-FRONT_grande2d99.png]
[uniformcraft.com/cdn/shop/products/NT01-LPW-Front_grande2d99.jpg]
[uniformcraft.com/cdn/shop/products/NT01-VI-Front_grande2d99.jpg]
[uniformcraft.com/cdn/shop/products/NT01-INW-Front_grande2d99.png]
[uniformcraft.com/cdn/shop/products/NT01-PinkW-Front_grande2d99.jpg]
[uniformcraft.com/cdn/shop/products/NT01-WN-Front_grande2d99.jpg]
[uniformcraft.com/cdn/shop/files/NT01-WHITE_LAVENDER_grandef585.jpg]
[uniformcraft.com/products/nt02-female-nurse-uniform.html]
[uniformcraft.com/collections/nurse-uniforms/products/nt02-female-nurse-uniform.html]
[uniformcraft.com/cdn/shop/files/NT02-LB-FRONT_1983c835-6a77-41eb-baba-e01dafafd989_largea519.jpg]
[uniformcraft.com/cdn/shop/files/NT02-LB-FRONT_1983c835-6a77-41eb-baba-e01dafafd989_grandea519.jpg]
[uniformcraft.com/cdn/shop/files/NT02-BG-FRONT_grande108a.jpg]
[uniformcraft.com/cdn/shop/products/NT02-AQT-Front_grande108a.jpg]
[uniformcraft.com/cdn/shop/products/NT02-TealW-Front_grande108a.jpg]
[uniformcraft.com/cdn/shop/files/NT02-RED-FRONT_grande108a.jpg]
[uniformcraft.com/products/female-nurse-uniform-nt03-oakbrown-yellow.html]
[uniformcraft.com/collections/nurse-uniforms/products/female-nurse-uniform-nt03-oakbrown-yellow.html]
[uniformcraft.com/cdn/shop/files/NT03-LAVENDAR-FRONT_large7f84.jpg]
[uniformcraft.com/cdn/shop/files/NT03-LAVENDAR-FRONT_grande7f84.jpg]
[uniformcraft.com/cdn/shop/files/IMG_7400_grande6c0f.jpg]
[uniformcraft.com/cdn/shop/products/NT03-TNB45_grande6c0f.png]
[uniformcraft.com/cdn/shop/files/IMG_7646_grande6c0f.jpg]
[uniformcraft.com/cdn/shop/files/IMG_7370_grande6c0f.jpg]
[uniformcraft.com/products/nurse-uniform-nt04-sky-blue-yellow.html]
[uniformcraft.com/collections/nurse-uniforms/products/nurse-uniform-nt04-sky-blue-yellow.html]
[uniformcraft.com/cdn/shop/products/NT04-PinkG_largee622.jpg]
[uniformcraft.com/cdn/shop/products/NT04-PinkG_grandee622.jpg]
[uniformcraft.com/cdn/shop/products/NT04-SBY-Front_grande7040.jpg]
[uniformcraft.com/cdn/shop/files/IMG_7362_30460b69-9e5a-4a02-9c3b-79988d78b328_grande7040.jpg]
[uniformcraft.com/cdn/shop/files/IMG_7386_grande7040.jpg]
[uniformcraft.com/products/female-nurse-uniform-nt05.html]
[uniformcraft.com/collections/nurse-uniforms/products/female-nurse-uniform-nt05.html]
[uniformcraft.com/cdn/shop/products/NT05-blue-front_largea11d.jpg]
[uniformcraft.com/cdn/shop/products/NT05-blue-front_grandea11d.jpg]
[uniformcraft.com/cdn/shop/products/NT05plumfront_grande81ba.jpg]
[uniformcraft.com/cdn/shop/products/NT05plum45_grande4450.jpg]
[uniformcraft.com/products/female-nurse-uniform-nt06.html]
[uniformcraft.com/collections/nurse-uniforms/products/female-nurse-uniform-nt06.html]
[uniformcraft.com/cdn/shop/products/NT06-PLNB-front_large362c.jpg]
[uniformcraft.com/cdn/shop/products/NT06-PLNB-front_grande362c.jpg]
[uniformcraft.com/cdn/shop/products/NT06-AGG-front_grande3b1f.jpg]
[uniformcraft.com/cdn/shop/products/NT06-BGNB-front_grande3b1f.jpg]
[uniformcraft.com/products/nurse-uniform-nt07-light-teal-navy.html]
[uniformcraft.com/collections/nurse-uniforms/products/nurse-uniform-nt07-light-teal-navy.html]
[uniformcraft.com/cdn/shop/products/NT07-INRIso_largee657.jpg]
[uniformcraft.com/cdn/shop/products/NT07-INRIso_grandee657.jpg]
[uniformcraft.com/cdn/shop/products/NT07Aqua60_grande0580.jpg]
[uniformcraft.com/cdn/shop/products/NT07-LTN-FRONT_grande0580.jpg]
[uniformcraft.com/cdn/shop/products/NT07-JAZZBLUE-FRONT_grande0580.jpg]
[uniformcraft.com/cdn/shop/files/NT07-PINK_granded8a0.jpg]
[uniformcraft.com/products/female-nurse-uniform-nt08.html]
[uniformcraft.com/collections/nurse-uniforms/products/female-nurse-uniform-nt08.html]
[uniformcraft.com/cdn/shop/products/NT08-PL-45_largea6e9.jpg]
[uniformcraft.com/cdn/shop/products/NT08-PL-45_grandea6e9.jpg]
[uniformcraft.com/cdn/shop/products/NT08PlumModelFront_grande5b30.jpg]
[uniformcraft.com/cdn/shop/products/NT08BlueModelFront_grande5b30.jpg]
[uniformcraft.com/cdn/shop/products/NT08BlueModel45_grande5b30.jpg]
[uniformcraft.com/cdn/shop/products/NT08_Aqua_front_grande5b30.jpg]
[uniformcraft.com/collections/nurse-uniforms/products/nurse-uniform-nt09-ginger-yellow-navy.html]
[uniformcraft.com/products/nurse-uniform-nt10.html]
[uniformcraft.com/collections/nurse-uniforms/products/nurse-uniform-nt10.html]
[uniformcraft.com/cdn/shop/products/NT10-MGY-front_large77a8.jpg]
[uniformcraft.com/cdn/shop/products/NT10-MGY-front_grande77a8.jpg]
[uniformcraft.com/cdn/shop/products/NT10-GYY-front_grande2050.jpg]
[uniformcraft.com/cdn/shop/products/NT10-BGY-front_grande2050.jpg]
[uniformcraft.com/products/nurse-uniform-set-nt11-light-purple-white.html]
[uniformcraft.com/collections/nurse-uniforms/products/nurse-uniform-set-nt11-light-purple-white.html]
[uniformcraft.com/cdn/shop/products/NT11-LP-front_larged189.jpg]
[uniformcraft.com/cdn/shop/products/NT11-LP-front_granded189.jpg]
[uniformcraft.com/cdn/shop/products/NT11-LTW-front_grande9c73.jpg]
[uniformcraft.com/cdn/shop/files/NT11-GREEN-FRONT_grande9c73.jpg]
[uniformcraft.com/cdn/shop/files/NT11-VIOLET-FRONT_grande9c73.jpg]
[uniformcraft.com/products/copy-of-female-nurse-uniform-nt05.html]
[uniformcraft.com/collections/nurse-uniforms/products/copy-of-female-nurse-uniform-nt05.html]
[uniformcraft.com/cdn/shop/products/NT12L.Tealfront_largec509.jpg]
[uniformcraft.com/cdn/shop/products/NT12L.Tealfront_grandec509.jpg]
[uniformcraft.com/cdn/shop/products/NT12Pinkfront_grande468a.jpg]
[uniformcraft.com/cdn/shop/products/NT12Lavenderfront_grande468a.jpg]
[uniformcraft.com/products/copy-of-female-nurse-uniform-nt02.html]
[uniformcraft.com/collections/nurse-uniforms/products/copy-of-female-nurse-uniform-nt02.html]
[uniformcraft.com/cdn/shop/products/NC01GreyLimeGreenFront_large8c0d.jpg]
[uniformcraft.com/cdn/shop/products/NC01GreyLimeGreenFront_grande8c0d.jpg]
[uniformcraft.com/cdn/shop/products/NC01GreyAqua45_grandef8d6.jpg]
[uniformcraft.com/products/male-nurse-shirt-mnt01.html]
[uniformcraft.com/collections/nurse-uniforms/products/male-nurse-shirt-mnt01.html]
[uniformcraft.com/cdn/shop/products/MNS01-TW-45_large138f.jpg]
[uniformcraft.com/cdn/shop/products/MNS01-TW-45_grande138f.jpg]
[uniformcraft.com/cdn/shop/files/NursingShirt-Male_ac7cce1f-50f2-4553-809c-f47b70b38461_grande3719.png]
[uniformcraft.com/cdn/shop/products/MNS01-TW-FRONT_grande3719.jpg]
[uniformcraft.com/cdn/shop/products/MNS01-LB-front_grande8c06.jpg]
[uniformcraft.com/cdn/shop/products/MNS01-LTNB-front_grande8c06.jpg]
[uniformcraft.com/cdn/shop/products/MNS01-GY-front_grande8c06.jpg]
[uniformcraft.com/cdn/shop/files/MNT01LPWH_grande8c06.png]
[uniformcraft.com/cdn/shop/products/MNT01-MG-front_grande8c06.jpg]
[uniformcraft.com/cdn/shop/products/MNT01AGShirt_grande8c06.jpg]
[uniformcraft.com/cdn/shop/products/MNS01-WNB-front_grande8c06.jpg]
[uniformcraft.com/cdn/shop/products/MNT01AQTShirt_grande8c06.jpg]
[uniformcraft.com/cdn/shop/files/MNT01LPNB_grande8c06.png]
[uniformcraft.com/cdn/shop/files/MNT01BGNB_grande8c06.png]
[uniformcraft.com/cdn/shop/files/MNT01JBFront_grande8c06.png]
[uniformcraft.com/cdn/shop/files/MNT01FGRFront_grande8c06.png]
[uniformcraft.com/cdn/shop/files/IMG_1562_SFY_grande8c06.jpg]
[uniformcraft.com/cdn/shop/files/MNT01RoyalBlue_2f79f8ee-4b48-487a-9c0c-05279770dea0_grande8c06.png]
[uniformcraft.com/cdn/shop/products/MNT0S-BB-front_grande8c06.jpg]
[uniformcraft.com/products/male-support-staff-shirt-mnt03.html]
[uniformcraft.com/collections/nurse-uniforms/products/male-support-staff-shirt-mnt03.html]
[uniformcraft.com/cdn/shop/products/MNT03IndigoShirt_large9fb7.jpg]
[uniformcraft.com/cdn/shop/products/MNT03IndigoShirt_grande9fb7.jpg]
[uniformcraft.com/cdn/shop/products/MNS03Plum_grande9fb7.jpg]
[uniformcraft.com/products/male-support-staff-shirt.html]
[uniformcraft.com/collections/nurse-uniforms/products/male-support-staff-shirt.html]
[uniformcraft.com/cdn/shop/products/MNT06-PL-front_large3cd9.jpg]
[uniformcraft.com/cdn/shop/products/MNT06-PL-front_grande3cd9.jpg]
[uniformcraft.com/cdn/shop/products/MNT06-PL-45_grande3cd9.jpg]
[uniformcraft.com/cdn/shop/products/MNS06-BG-front_grande3cd9.jpg]
[uniformcraft.com/cdn/shop/products/MNS06-BG-45_grande3cd9.jpg]
[uniformcraft.com/cdn/shop/products/MNS06-AG-front_grande3cd9.jpg]
[uniformcraft.com/cdn/shop/products/MNS06-AG-45_grande3cd9.jpg]
[uniformcraft.com/cdn/shop/files/NursingShirt-Male_grandeb1c7.png]
[uniformcraft.com/collections/nurse-uniforms.html]
[uniformcraft.com/cdn/shop/t/21/assets/jquery.history.min122f.js]
[uniformcraft.com/collections/scrub-suits.atom]
[uniformcraft.com/collections/scrub-suits4658.html]
[uniformcraft.com/collections/scrub-suits.oembed]
[uniformcraft.com/cdn/shop/collections/Scrub_suits080e.jpg]
[uniformcraft.com/collections/scrub-suits/products/female-scrub-suit-dsvx.html]
[uniformcraft.com/products/mens-scrub-suit.html]
[uniformcraft.com/collections/scrub-suits/products/mens-scrub-suit.html]
[uniformcraft.com/cdn/shop/files/1.OLIVEBLUE_a5ba8b7d-5dd6-4f4a-826a-755e2f824325_large2ea2.jpg]
[uniformcraft.com/cdn/shop/files/1.OLIVEBLUE_a5ba8b7d-5dd6-4f4a-826a-755e2f824325_grande2ea2.jpg]
[uniformcraft.com/cdn/shop/files/Scrubs-Male_edc8c162-9b9d-47b5-a389-ed892190de8e_grande7c2f.jpg]
[uniformcraft.com/cdn/shop/files/1.BLACK1_85703ca8-4ebe-4d1b-afb8-fdfaed1d22d0_grande2ea2.jpg]
[uniformcraft.com/cdn/shop/files/1.GREY_0447ae7f-afb2-467b-b307-685b5b4fcf6d_grande2ea2.jpg]
[uniformcraft.com/cdn/shop/files/1.LIGHTGREY2_532ec855-d5d1-4446-be02-4deb41f4672c_grande2ea2.jpg]
[uniformcraft.com/cdn/shop/files/1.CRIMSONRED_2b6ea509-82d7-47c6-9e6d-4f43f202d0f6_grande2ea2.jpg]
[uniformcraft.com/cdn/shop/files/1.CORAL_1f3f9a7a-de8d-48c9-adcf-c35416c63b88_grandeb300.jpg]
[uniformcraft.com/cdn/shop/files/1.MUSTARD3_84b655c3-c3a3-4834-b205-7e2738540868_grandeb300.jpg]
[uniformcraft.com/cdn/shop/files/1.LAVENDAR3_e2ddeeac-5bf9-4d07-add2-5c062e6e9e50_grande3f87.jpg]
[uniformcraft.com/cdn/shop/files/1.VIOLET1_c4b25266-fbfc-4f07-9208-3b164993de08_grandeb300.jpg]
[uniformcraft.com/cdn/shop/files/1.PLUM_451780e5-16fa-4855-b36b-e9b62f0885dd_grande9744.jpg]
[uniformcraft.com/cdn/shop/files/1.DARKTEAL2_grandea654.jpg]
[uniformcraft.com/cdn/shop/files/1.LIGHTTEAL_grande118d.jpg]
[uniformcraft.com/cdn/shop/files/1.LIGHTGREEN_fa0e5e24-efc9-4eb5-b4c0-3833587bc28a_grande9744.jpg]
[uniformcraft.com/cdn/shop/files/1.OLIVEGREEN3_037ffc79-aa2b-44d8-9cc6-bdd1105acfde_grande9744.jpg]
[uniformcraft.com/cdn/shop/files/1.LIMEGREEN_efa8eb3c-b93a-46f7-bb2e-cd002f309508_grande0c4e.jpg]
[uniformcraft.com/cdn/shop/files/1.OLIVEBLUE4_grandea654.jpg]
[uniformcraft.com/cdn/shop/files/1.BRIGHTBLUE_1b1339cb-ea1c-4261-aa42-ab215a6d58cb_grandea974.jpg]
[uniformcraft.com/cdn/shop/files/1.OCEANBLUE3_grandecb8a.jpg]
[uniformcraft.com/cdn/shop/files/1.ISLANDBLUE_grande118d.jpg]
[uniformcraft.com/products/female-scrub-suit-dsvx-new-colours.html]
[uniformcraft.com/collections/scrub-suits/products/female-scrub-suit-dsvx-new-colours.html]
[uniformcraft.com/cdn/shop/files/1.BURGANDY_largef7ab.jpg]
[uniformcraft.com/cdn/shop/files/1.BURGANDY_grandef7ab.jpg]
[uniformcraft.com/cdn/shop/files/LILAC_granded5a4.jpg]
[uniformcraft.com/cdn/shop/files/Scrubs-Female_a2fd7a57-c7e8-45ad-a5ef-867ae7b7cec2_granded5a4.jpg]
[uniformcraft.com/cdn/shop/products/DSVX-LL3_granded5a4.png]
[uniformcraft.com/cdn/shop/files/BERRY_granded5a4.jpg]
[uniformcraft.com/cdn/shop/files/DSVX-Berr_granded5a4.png]
[uniformcraft.com/cdn/shop/files/CORAL_granded5a4.jpg]
[uniformcraft.com/cdn/shop/products/DSVXCoralFront_granded5a4.jpg]
[uniformcraft.com/cdn/shop/files/LIGHTGREY_granded5a4.jpg]
[uniformcraft.com/cdn/shop/files/FORESTGREEN_granded5a4.jpg]
[uniformcraft.com/cdn/shop/files/DSVX-LGRY_granded5a4.png]
[uniformcraft.com/cdn/shop/products/DSVX-FGR-Front_granded5a4.png]
[uniformcraft.com/cdn/shop/files/1.FOREST_GREEN_grandef22e.jpg]
[uniformcraft.com/products/copy-of-mens-scrub-suit-dsv.html]
[uniformcraft.com/collections/scrub-suits/products/copy-of-mens-scrub-suit-dsv.html]
[uniformcraft.com/cdn/shop/files/1.BURGANDY-M_largefd09.jpg]
[uniformcraft.com/cdn/shop/files/1.BURGANDY-M_grandefd09.jpg]
[uniformcraft.com/cdn/shop/files/1.LIGHTGREY2_9967f616-76f3-4707-b1b5-e28605b90272_grande53a6.jpg]
[uniformcraft.com/cdn/shop/files/Scrubs-Male_bc0590cd-2c4b-4dd3-9c73-ad3b4183f6e8_grande649b.jpg]
[uniformcraft.com/cdn/shop/files/1.BURGANDY-M_f047e539-7d67-4bbe-822a-ffcacd1dbd82_grande0271.jpg]
[uniformcraft.com/cdn/shop/files/Front_-_Forest_Green_1_grandec271.jpg]
[uniformcraft.com/products/female-scrub-suit-round-neck-dsu.html]
[uniformcraft.com/collections/scrub-suits/products/female-scrub-suit-round-neck-dsu.html]
[uniformcraft.com/cdn/shop/files/IMG_7379_largef6d9.jpg]
[uniformcraft.com/cdn/shop/files/IMG_7379_grandef6d9.jpg]
[uniformcraft.com/cdn/shop/files/Scrubs-Female_7692ca54-1167-4266-b9bd-e8cb2ea37f6a_grande23ae.jpg]
[uniformcraft.com/cdn/shop/files/IMG_7321_grande23ae.jpg]
[uniformcraft.com/cdn/shop/files/IMG_7408_grande23ae.jpg]
[uniformcraft.com/products/mens-scrub-suit-round-neck-dsu.html]
[uniformcraft.com/collections/scrub-suits/products/mens-scrub-suit-round-neck-dsu.html]
[uniformcraft.com/cdn/shop/files/IMG_1526_555f4128-3ad5-4e0e-81af-37763866cfdf_large2e44.jpg]
[uniformcraft.com/cdn/shop/files/IMG_1526_555f4128-3ad5-4e0e-81af-37763866cfdf_grande2e44.jpg]
[uniformcraft.com/cdn/shop/files/Scrubs-Male_6fb1427a-d3f0-48dc-8aaa-cdbc4dd64ad5_grandebe61.jpg]
[uniformcraft.com/cdn/shop/files/DSU-MFG_1_grandebe61.jpg]
[uniformcraft.com/cdn/shop/files/IMG_1449_grande26a8.jpg]
[uniformcraft.com/collections/scrub-suits/products/female-scrub-suit-designer-dsdx.html]
[uniformcraft.com/collections/scrub-suits/products/male-scrub-suit-designer-dsdv.html]
[uniformcraft.com/products/female-scrub-suit-designer-dsdx03.html]
[uniformcraft.com/collections/scrub-suits/products/female-scrub-suit-designer-dsdx03.html]
[uniformcraft.com/cdn/shop/files/1.FRONT_1_d7f65fda-9102-4691-a9f8-52a30d209426_largedaae.jpg]
[uniformcraft.com/cdn/shop/files/1.FRONT_1_d7f65fda-9102-4691-a9f8-52a30d209426_grandedaae.jpg]
[uniformcraft.com/cdn/shop/files/Scrubs-Female_42e0f1ce-a427-4aa1-81dc-d521e7c9edd0_grande37a4.jpg]
[uniformcraft.com/cdn/shop/files/1.FRONT_4_c213a509-9d7b-4393-b36a-01a06183ddd7_grande37a4.jpg]
[uniformcraft.com/cdn/shop/files/1.FRONT_3_8281a26c-6ef7-4999-aa13-636f4f6450ca_grande37a4.jpg]
[uniformcraft.com/cdn/shop/files/1.FRONT_2_3a3dd5f1-8b40-4d11-b936-af3de2bfa6b9_grande37a4.jpg]
[uniformcraft.com/products/mens-scrub-suit-designer-dsdv03.html]
[uniformcraft.com/collections/scrub-suits/products/mens-scrub-suit-designer-dsdv03.html]
[uniformcraft.com/cdn/shop/files/1.FRONT_1_5f19dc07-e500-4eba-8f8f-ffdaea40c972_largef642.jpg]
[uniformcraft.com/cdn/shop/files/1.FRONT_1_5f19dc07-e500-4eba-8f8f-ffdaea40c972_grandef642.jpg]
[uniformcraft.com/cdn/shop/files/Scrubs-Male_62da252f-c4f5-4074-9cca-4582d1aae8fa_grandefdf8.jpg]
[uniformcraft.com/cdn/shop/files/1.FRONT_2_30795b1a-8ef9-4d45-a2e1-174efa2e9999_grandefdf8.jpg]
[uniformcraft.com/cdn/shop/files/1.FRONT_3_b62e52c9-03c2-4e36-ab06-4acb57d167b5_grandefdf8.jpg]
[uniformcraft.com/cdn/shop/files/1.FRONT_4_570a0566-2e4a-422c-b025-41248f0dabb4_grandefdf8.jpg]
[uniformcraft.com/products/female-scrub-suit-designer-dsdx04.html]
[uniformcraft.com/collections/scrub-suits/products/female-scrub-suit-designer-dsdx04.html]
[uniformcraft.com/cdn/shop/files/1.FRONT_1_aea39a2c-d045-4e4c-b82d-96532f370f49_large723a.jpg]
[uniformcraft.com/cdn/shop/files/1.FRONT_1_aea39a2c-d045-4e4c-b82d-96532f370f49_grande723a.jpg]
[uniformcraft.com/cdn/shop/files/Scrubs-Female_7701dfbf-dea0-4ca5-9336-a38040912e4c_grandef876.jpg]
[uniformcraft.com/cdn/shop/files/1.FRONT_4_14bd9519-7f74-4072-9a7d-6240f902739c_grandef876.jpg]
[uniformcraft.com/cdn/shop/files/1.FRONT_2_763a2a5c-25a1-4056-8a1c-ce7afb94905c_grandef876.jpg]
[uniformcraft.com/cdn/shop/files/1.FRONT_3_5a71e5e5-9263-4c00-be37-a5a2364caba7_grandef876.jpg]
[uniformcraft.com/products/mens-scrub-suit-designer-dsdv04.html]
[uniformcraft.com/collections/scrub-suits/products/mens-scrub-suit-designer-dsdv04.html]
[uniformcraft.com/cdn/shop/files/1.FRONT_5_24660366-b843-4dc1-98e0-2a269201f1f3_large7600.jpg]
[uniformcraft.com/cdn/shop/files/1.FRONT_5_24660366-b843-4dc1-98e0-2a269201f1f3_grande7600.jpg]
[uniformcraft.com/cdn/shop/files/Scrubs-Male_5f269e34-03ac-4622-b93c-a5cc9613c02b_grandee2e5.jpg]
[uniformcraft.com/cdn/shop/files/1.FRONT_1_f9175cd2-dc3c-4fc5-a669-e91e23239179_grandee2e5.jpg]
[uniformcraft.com/cdn/shop/files/1.FRONT_2_7445d991-fc8e-47f8-96d9-eba32a22c888_grandee2e5.jpg]
[uniformcraft.com/cdn/shop/files/1.FRONT_3_1abb59a1-cdb1-4af2-abd8-e1a733cd178b_grandee2e5.jpg]
[uniformcraft.com/products/unisex-scrub-suit-vdsv-bone-collector-combo.html]
[uniformcraft.com/collections/scrub-suits/products/unisex-scrub-suit-vdsv-bone-collector-combo.html]
[uniformcraft.com/cdn/shop/files/VDSVBones_large40c7.png]
[uniformcraft.com/cdn/shop/files/VDSVBones_grande40c7.png]
[uniformcraft.com/cdn/shop/files/Scrubs-Unisex_grandea991.png]
[uniformcraft.com/cdn/shop/files/IMG_1617_grandea991.jpg]
[uniformcraft.com/cdn/shop/files/IMG_1618_grandea991.jpg]
[uniformcraft.com/products/unisex-scrub-suit-vdsv-purr-fect-combo.html]
[uniformcraft.com/collections/scrub-suits/products/unisex-scrub-suit-vdsv-purr-fect-combo.html]
[uniformcraft.com/cdn/shop/files/VDSVCats_largec0d5.png]
[uniformcraft.com/cdn/shop/files/VDSVCats_grandec0d5.png]
[uniformcraft.com/cdn/shop/files/Scrubs-Unisex_d1577ddc-85b4-401e-bf28-09c1c916f193_grande8dc9.png]
[uniformcraft.com/cdn/shop/files/IMG_1604_grande8dc9.jpg]
[uniformcraft.com/cdn/shop/files/IMG_1605_grande8dc9.jpg]
[uniformcraft.com/products/copy-of-male-underscrubs-half-sleeve-1.html]
[uniformcraft.com/collections/scrub-suits/products/copy-of-male-underscrubs-half-sleeve-1.html]
[uniformcraft.com/cdn/shop/files/FSS-FRONT2_large9df4.jpg]
[uniformcraft.com/cdn/shop/files/FSS-FRONT2_grande9df4.jpg]
[uniformcraft.com/cdn/shop/files/Underscrubs-Female_29940c2a-f7f0-4476-8a77-6df36d4f4aa8_grande1f2d.png]
[uniformcraft.com/cdn/shop/files/FSS-FRONT3_grande1f2d.jpg]
[uniformcraft.com/cdn/shop/files/FSS-SITTING_grande1f2d.jpg]
[uniformcraft.com/cdn/shop/files/FSS-FRONTWITHSCRUB_grande1f2d.jpg]
[uniformcraft.com/products/male-underscrubs-half-sleeve.html]
[uniformcraft.com/collections/scrub-suits/products/male-underscrubs-half-sleeve.html]
[uniformcraft.com/cdn/shop/files/MS-FRONT_larged6db.jpg]
[uniformcraft.com/cdn/shop/files/MS-FRONT_granded6db.jpg]
[uniformcraft.com/cdn/shop/files/Underscrubs-Male_6bd9efa9-1b42-43e0-b405-a47184e52b74_grande6401.png]
[uniformcraft.com/cdn/shop/files/MS-SIDE_grande6401.jpg]
[uniformcraft.com/cdn/shop/files/MS-FRONTWITHSCRUB_grande6401.jpg]
[uniformcraft.com/collections/scrub-suits.html]
[uniformcraft.com/collections/uc-stretch-1.atom]
[uniformcraft.com/collections/uc-stretch-1.oembed]
[uniformcraft.com/cdn/shop/collections/UC_Website_Main_Page_Banner-Underscrubsc491.png]
[uniformcraft.com/products/uc-stretch-female-scrub-top-1.html]
[uniformcraft.com/collections/uc-stretch-1/products/uc-stretch-female-scrub-top-1.html]
[uniformcraft.com/cdn/shop/files/SaphFemaleTop_large0fff.png]
[uniformcraft.com/cdn/shop/files/SaphFemaleTop_grande0fff.png]
[uniformcraft.com/cdn/shop/files/UCStretch-ScrubTop-Female_grande0fff.png]
[uniformcraft.com/cdn/shop/files/NEPTUNE_1_grande0fff.jpg]
[uniformcraft.com/cdn/shop/files/Sapphire_1_grande0fff.jpg]
[uniformcraft.com/cdn/shop/files/Sage_1_grande3763.jpg]
[uniformcraft.com/cdn/shop/files/JADEBLUE_1_grande3763.jpg]
[uniformcraft.com/cdn/shop/files/321_grande3763.png]
[uniformcraft.com/cdn/shop/files/Slate_1_grande3763.jpg]
[uniformcraft.com/cdn/shop/files/coolblack_1_grande3763.jpg]
[uniformcraft.com/products/uc-stretch-female-straight-pants.html]
[uniformcraft.com/collections/uc-stretch-1/products/uc-stretch-female-straight-pants.html]
[uniformcraft.com/cdn/shop/files/g1020_cfef4653-317a-40af-9cc0-ad654f46431f_large08f9.png]
[uniformcraft.com/cdn/shop/files/g1020_cfef4653-317a-40af-9cc0-ad654f46431f_grande08f9.png]
[uniformcraft.com/cdn/shop/files/UCStretch-ScrubPant-Female_9b8491d5-44cb-4df7-8858-84ded8008819_grande08f9.png]
[uniformcraft.com/cdn/shop/files/Sapphire_2_grande08f9.jpg]
[uniformcraft.com/cdn/shop/files/Neptune_2_grande08f9.jpg]
[uniformcraft.com/cdn/shop/files/Sage_2_grande08f9.jpg]
[uniformcraft.com/cdn/shop/files/JadeBlue_2_grande08f9.jpg]
[uniformcraft.com/cdn/shop/files/Wine_2_grande08f9.jpg]
[uniformcraft.com/cdn/shop/files/Slate_2_grande08f9.jpg]
[uniformcraft.com/cdn/shop/files/CoolBlackNew_grande08f9.jpg]
[uniformcraft.com/products/uc-stretch-female-joggers-regular-length.html]
[uniformcraft.com/collections/uc-stretch-1/products/uc-stretch-female-joggers-regular-length.html]
[uniformcraft.com/cdn/shop/files/g1119_largecff5.png]
[uniformcraft.com/cdn/shop/files/g1119_grandecff5.png]
[uniformcraft.com/cdn/shop/files/UCStretch-ScrubPant-Female_e7dacf52-6ec5-4ae4-bcd7-ac76727935e0_grandecff5.png]
[uniformcraft.com/cdn/shop/files/Sapphire_ba9f241d-101f-4f76-b24a-a99a5753e55c_grandecff5.jpg]
[uniformcraft.com/cdn/shop/files/Neptune_5edefa5a-df34-458d-8be7-88629074487c_grandecff5.jpg]
[uniformcraft.com/cdn/shop/files/Sage_8ffa615c-eb17-45ce-95c5-c27a46667d01_grandecff5.jpg]
[uniformcraft.com/cdn/shop/files/JadeBlue_18ab778f-2484-448a-89ef-3807d715b4fb_grandecff5.jpg]
[uniformcraft.com/cdn/shop/files/Wine_b78055ef-d220-46f1-961f-16978635866e_grandecff5.jpg]
[uniformcraft.com/cdn/shop/files/Slate_24b6bed5-97d6-4fff-9373-a959fff2c93e_grandecff5.jpg]
[uniformcraft.com/cdn/shop/files/CoolBlack_13b3e203-e21e-4fb9-9277-9340a6776693_grandecff5.jpg]
[uniformcraft.com/products/uc-stretch-female-joggers-long-length.html]
[uniformcraft.com/collections/uc-stretch-1/products/uc-stretch-female-joggers-long-length.html]
[uniformcraft.com/cdn/shop/files/g1119_c535e0e6-ec06-4254-a812-f5da0b8820fd_large5a7a.png]
[uniformcraft.com/cdn/shop/files/g1119_c535e0e6-ec06-4254-a812-f5da0b8820fd_grande5a7a.png]
[uniformcraft.com/cdn/shop/files/UCStretch-ScrubPant-Female_grande5a7a.png]
[uniformcraft.com/cdn/shop/files/Sapphire_grande5a7a.jpg]
[uniformcraft.com/cdn/shop/files/Neptune_grande5a7a.jpg]
[uniformcraft.com/cdn/shop/files/Sage_grande5a7a.jpg]
[uniformcraft.com/cdn/shop/files/JadeBlue_grande5a7a.jpg]
[uniformcraft.com/cdn/shop/files/Wine_grande5a7a.jpg]
[uniformcraft.com/cdn/shop/files/Slate_grande5a7a.jpg]
[uniformcraft.com/cdn/shop/files/CoolBlack_grande5a7a.jpg]
[uniformcraft.com/products/uc-stretch-male-scrub-top.html]
[uniformcraft.com/collections/uc-stretch-1/products/uc-stretch-male-scrub-top.html]
[uniformcraft.com/cdn/shop/files/123_large194e.png]
[uniformcraft.com/cdn/shop/files/123_grande194e.png]
[uniformcraft.com/cdn/shop/files/UCStretch-ScrubTop-Male_grandea966.png]
[uniformcraft.com/cdn/shop/files/CoolBlack_00dd27df-cdcd-45be-940a-8b72f5f7083f_grande6563.jpg]
[uniformcraft.com/cdn/shop/files/Wine_efa32182-b113-40b8-88db-079937547e5f_grande6563.jpg]
[uniformcraft.com/cdn/shop/files/Neptune_89eef349-d4e3-4d5d-b22a-aea6ce686de7_grande6563.jpg]
[uniformcraft.com/cdn/shop/files/JadeBlue_1_7c0e4d90-fc65-4729-bd9f-3506c2dd8962_grande6563.jpg]
[uniformcraft.com/cdn/shop/files/Sage_f3a12195-5ec4-4235-bb50-b4292466b7b3_grande6563.jpg]
[uniformcraft.com/cdn/shop/files/Sapphire_09b2036d-8db3-4b4d-954a-98db04728510_grande6563.jpg]
[uniformcraft.com/cdn/shop/files/Slate_aa3990bc-401a-40f0-8901-3dba18cdc16f_grande6563.jpg]
[uniformcraft.com/products/uc-stretch-male-straight-pants.html]
[uniformcraft.com/collections/uc-stretch-1/products/uc-stretch-male-straight-pants.html]
[uniformcraft.com/cdn/shop/files/g1193_large968e.png]
[uniformcraft.com/cdn/shop/files/g1193_grande968e.png]
[uniformcraft.com/cdn/shop/files/UCStretch-ScrubPants-Male_grande968e.png]
[uniformcraft.com/cdn/shop/files/JadeBlue_4_grande968e.jpg]
[uniformcraft.com/cdn/shop/files/Wine_4_grande968e.jpg]
[uniformcraft.com/cdn/shop/files/Slate_4_grande968e.jpg]
[uniformcraft.com/cdn/shop/files/Sapphire_4_grande968e.jpg]
[uniformcraft.com/cdn/shop/files/Sage_4_grande968e.jpg]
[uniformcraft.com/cdn/shop/files/Neptune_4_grande968e.jpg]
[uniformcraft.com/cdn/shop/files/CoolBlack_3_grande968e.jpg]
[uniformcraft.com/products/uc-stretch-male-joggers-regular-length.html]
[uniformcraft.com/collections/uc-stretch-1/products/uc-stretch-male-joggers-regular-length.html]
[uniformcraft.com/cdn/shop/files/image1141_largea0f0.png]
[uniformcraft.com/cdn/shop/files/image1141_grandea0f0.png]
[uniformcraft.com/cdn/shop/files/UCStretch-ScrubPants-Male_b92a6f92-338b-48ba-9c7c-44af144e92db_grandea0f0.png]
[uniformcraft.com/cdn/shop/files/JadeBluePant_e8d2ee1c-a982-4556-9146-7c30c9512651_grandea0f0.jpg]
[uniformcraft.com/cdn/shop/files/CoolBlackPant_4af631d0-75af-49fa-b0e9-14bce0354c11_grandea0f0.jpg]
[uniformcraft.com/cdn/shop/files/WinePant_30092a9a-6ab1-488e-833e-2b987d501c81_grandea0f0.jpg]
[uniformcraft.com/cdn/shop/files/SlatePant_2faddc0c-816f-4d59-8e78-97e1f2587095_grandea0f0.jpg]
[uniformcraft.com/cdn/shop/files/SaphhirePant_f875c4a0-44c0-4555-9ca1-4e49b3e9a41d_grandea0f0.jpg]
[uniformcraft.com/cdn/shop/files/SagePant_b8f85370-7806-4ad4-9eba-56924cc65e03_grandea0f0.jpg]
[uniformcraft.com/cdn/shop/files/NeptunePant_e8c8ac23-1b21-4d57-9203-e5f1d562e106_grandea0f0.jpg]
[uniformcraft.com/products/uc-stretch-male-joggers-long-length.html]
[uniformcraft.com/collections/uc-stretch-1/products/uc-stretch-male-joggers-long-length.html]
[uniformcraft.com/cdn/shop/files/image1141_fa4d88ca-d511-40aa-b110-dee79c2b9490_largec8fd.png]
[uniformcraft.com/cdn/shop/files/image1141_fa4d88ca-d511-40aa-b110-dee79c2b9490_grandec8fd.png]
[uniformcraft.com/cdn/shop/files/UCStretch-ScrubPants-Male_2c1c5c8b-43f6-4652-9014-1586ae82ace5_grandec8fd.png]
[uniformcraft.com/cdn/shop/files/JadeBluePant_grandec8fd.jpg]
[uniformcraft.com/cdn/shop/files/CoolBlackPant_grandec8fd.jpg]
[uniformcraft.com/cdn/shop/files/WinePant_grandec8fd.jpg]
[uniformcraft.com/cdn/shop/files/SlatePant_grandec8fd.jpg]
[uniformcraft.com/cdn/shop/files/SaphhirePant_grandec8fd.jpg]
[uniformcraft.com/cdn/shop/files/SagePant_grandec8fd.jpg]
[uniformcraft.com/cdn/shop/files/NeptunePant_grandec8fd.jpg]
[uniformcraft.com/products/denim-scrubs-female.html]
[uniformcraft.com/collections/uc-stretch-1/products/denim-scrubs-female.html]
[uniformcraft.com/cdn/shop/files/DENIM-WOMEN_largea1db.jpg]
[uniformcraft.com/cdn/shop/files/DENIM-WOMEN_grandea1db.jpg]
[uniformcraft.com/cdn/shop/files/UCStretch-Denim-Female_grande5e5d.png]
[uniformcraft.com/products/copy-of-uc-stretch-female-scrub-top.html]
[uniformcraft.com/collections/uc-stretch-1/products/copy-of-uc-stretch-female-scrub-top.html]
[uniformcraft.com/cdn/shop/files/DENIM-MEN_largee265.jpg]
[uniformcraft.com/cdn/shop/files/DENIM-MEN_grandee265.jpg]
[uniformcraft.com/cdn/shop/files/UCStretch-Denim-Male_grande9c47.png]
[uniformcraft.com/products/copy-of-male-underscrubs-full-sleeve.html]
[uniformcraft.com/collections/uc-stretch-1/products/copy-of-male-underscrubs-full-sleeve.html]
[uniformcraft.com/cdn/shop/files/FFS-FRONT_large16e9.jpg]
[uniformcraft.com/cdn/shop/files/FFS-FRONT_grande16e9.jpg]
[uniformcraft.com/cdn/shop/files/Underscrubs-Female_grande7cf7.png]
[uniformcraft.com/cdn/shop/files/FFS-FRONTWITHSCRUB_grande7cf7.jpg]
[uniformcraft.com/cdn/shop/files/WOMEN_BLACK_grandeabb0.jpg]
[uniformcraft.com/collections/uc-stretch-1/products/male-underscrubs-half-sleeve.html]
[uniformcraft.com/products/copy-of-male-underscrubs-half-sleeve.html]
[uniformcraft.com/collections/uc-stretch-1/products/copy-of-male-underscrubs-half-sleeve.html]
[uniformcraft.com/cdn/shop/files/MFS-FRONT2_largebb6e.jpg]
[uniformcraft.com/cdn/shop/files/MFS-FRONT2_grandebb6e.jpg]
[uniformcraft.com/cdn/shop/files/Underscrubs-Male_grande5e5f.png]
[uniformcraft.com/cdn/shop/files/MFS-FRONT3_grande5e5f.jpg]
[uniformcraft.com/cdn/shop/files/MFS-FRONT_grande5e5f.jpg]
[uniformcraft.com/cdn/shop/files/MFS-FRONTWITHSCRUB_grande5e5f.jpg]
[uniformcraft.com/cdn/shop/files/BLACK_05d75f1d-0b0c-440d-9b94-c6b6c8187307_grande2c94.jpg]
[uniformcraft.com/collections/uc-stretch-1.html]
[uniformcraft.com/collections/uc-stretch-1/products/copy-of-male-underscrubs-half-sleeve-1.html]
[uniformcraft.com/collections/doctor-coats.atom]
[uniformcraft.com/collections/doctor-coats.oembed]
[uniformcraft.com/cdn/shop/collections/Doctor_coatsdc6e.jpg]
[uniformcraft.com/products/doctors-coat-male-dc01am.html]
[uniformcraft.com/collections/doctor-coats/products/doctors-coat-male-dc01am.html]
[uniformcraft.com/cdn/shop/products/DCM-FC_large5893.jpg]
[uniformcraft.com/cdn/shop/products/DCM-FC_grande5893.jpg]
[uniformcraft.com/cdn/shop/products/DCM-front_grande722b.jpg]
[uniformcraft.com/cdn/shop/files/Coats-Male_grande722b.png]
[uniformcraft.com/cdn/shop/files/Doctor_sCoatLength-Male_grande722b.png]
[uniformcraft.com/cdn/shop/products/DCM-back_grande4fbb.jpg]
[uniformcraft.com/products/doctors-coat-female-dco1f.html]
[uniformcraft.com/collections/doctor-coats/products/doctors-coat-female-dco1f.html]
[uniformcraft.com/cdn/shop/products/DCF-45_largef4e8.jpg]
[uniformcraft.com/cdn/shop/products/DCF-45_grandef4e8.jpg]
[uniformcraft.com/cdn/shop/files/Coats-Female_grande0557.png]
[uniformcraft.com/cdn/shop/files/Doctor_sCoatLength-Female_grandee726.png]
[uniformcraft.com/products/lab-coat-male-lc01m.html]
[uniformcraft.com/collections/doctor-coats/products/lab-coat-male-lc01m.html]
[uniformcraft.com/cdn/shop/products/LCM-FC_large1205.jpg]
[uniformcraft.com/cdn/shop/products/LCM-FC_grande1205.jpg]
[uniformcraft.com/cdn/shop/products/LCM-Front_grande1205.jpg]
[uniformcraft.com/cdn/shop/products/LCM-back_grande1205.jpg]
[uniformcraft.com/cdn/shop/files/Coats-Male_8a4a50bc-ab1c-4077-8ca6-cce5a0514508_grande5c66.png]
[uniformcraft.com/products/lab-coat-female-lc01f.html]
[uniformcraft.com/collections/doctor-coats/products/lab-coat-female-lc01f.html]
[uniformcraft.com/cdn/shop/products/LCF-45_largecae9.jpg]
[uniformcraft.com/cdn/shop/products/LCF-45_grandecae9.jpg]
[uniformcraft.com/cdn/shop/products/LCF-back_grandecae9.jpg]
[uniformcraft.com/cdn/shop/products/LCF-front_grande33f2.jpg]
[uniformcraft.com/cdn/shop/files/Coats-Female_9fed00fa-6f29-4c30-bffc-247cf0514ba5_granded837.png]
[uniformcraft.com/products/lab-coat-unisex-lcc.html]
[uniformcraft.com/collections/doctor-coats/products/lab-coat-unisex-lcc.html]
[uniformcraft.com/cdn/shop/files/LCC-LB_large1454.png]
[uniformcraft.com/cdn/shop/files/LCC-LB_grande1454.png]
[uniformcraft.com/cdn/shop/files/Coats-Unisex_grande1454.png]
[uniformcraft.com/cdn/shop/files/LCC-GR_grande1454.png]
[uniformcraft.com/collections/doctor-coats.html]
[uniformcraft.com/collections/scrub-caps.atom]
[uniformcraft.com/collections/scrub-caps.oembed]
[uniformcraft.com/cdn/shop/collections/UC_Website_Main_Page_Banner-Scrub_Caps5b7d.png]
[uniformcraft.com/products/scrub-cap.html]
[uniformcraft.com/collections/scrub-caps/products/scrub-cap.html]
[uniformcraft.com/cdn/shop/files/FPCC_eaed7110-a1b7-410c-b81e-641d8e4aa19e_large6ac9.png]
[uniformcraft.com/cdn/shop/files/FPCC_eaed7110-a1b7-410c-b81e-641d8e4aa19e_grande6ac9.png]
[uniformcraft.com/cdn/shop/files/FPCC_grande6ac9.png]
[uniformcraft.com/cdn/shop/products/ScrubCapBLKCombo_grande6ac9.jpg]
[uniformcraft.com/cdn/shop/products/ScrubCapCRCombo_grande6ac9.jpg]
[uniformcraft.com/cdn/shop/products/ScrubCapBBcombo_grande6ac9.jpg]
[uniformcraft.com/cdn/shop/products/ScrubCapGreyCombo_grande6ac9.jpg]
[uniformcraft.com/cdn/shop/products/ScrubCapOBCombo_grande6ac9.jpg]
[uniformcraft.com/cdn/shop/products/ScrubCapLTCombo_grande6ac9.jpg]
[uniformcraft.com/cdn/shop/products/ScrabCapduo_grande6ac9.jpg]
[uniformcraft.com/products/scrub-cap-buy-any-2.html]
[uniformcraft.com/collections/scrub-caps/products/scrub-cap-buy-any-2.html]
[uniformcraft.com/cdn/shop/files/FurryTails_large83f2.png]
[uniformcraft.com/cdn/shop/files/FurryTails_grande83f2.png]
[uniformcraft.com/products/scrub-cap-print-b.html]
[uniformcraft.com/collections/scrub-caps/products/scrub-cap-print-b.html]
[uniformcraft.com/cdn/shop/files/BoneCollector_large0a70.png]
[uniformcraft.com/cdn/shop/files/BoneCollector_grande0a70.png]
[uniformcraft.com/products/scrub-cap-print-c-purr-fect.html]
[uniformcraft.com/collections/scrub-caps/products/scrub-cap-print-c-purr-fect.html]
[uniformcraft.com/cdn/shop/files/Purr-fect_large54da.png]
[uniformcraft.com/cdn/shop/files/Purr-fect_grande54da.png]
[uniformcraft.com/products/scrub-cap-print-d-puppy-love.html]
[uniformcraft.com/collections/scrub-caps/products/scrub-cap-print-d-puppy-love.html]
[uniformcraft.com/cdn/shop/files/PuppyLove_large67b6.png]
[uniformcraft.com/cdn/shop/files/PuppyLove_grande67b6.png]
[uniformcraft.com/products/scrub-cap-spring.html]
[uniformcraft.com/collections/scrub-caps/products/scrub-cap-spring.html]
[uniformcraft.com/cdn/shop/files/Spring_large5d73.png]
[uniformcraft.com/cdn/shop/files/Spring_grande5d73.png]
[uniformcraft.com/products/scrub-cap-starry-night.html]
[uniformcraft.com/collections/scrub-caps/products/scrub-cap-starry-night.html]
[uniformcraft.com/cdn/shop/files/StarryNight_large14e7.png]
[uniformcraft.com/cdn/shop/files/StarryNight_grande14e7.png]
[uniformcraft.com/products/scrub-cap-heart-beat.html]
[uniformcraft.com/collections/scrub-caps/products/scrub-cap-heart-beat.html]
[uniformcraft.com/cdn/shop/files/Heartbeat_largee279.png]
[uniformcraft.com/cdn/shop/files/Heartbeat_grandee279.png]
[uniformcraft.com/products/scrub-cap-flora.html]
[uniformcraft.com/collections/scrub-caps/products/scrub-cap-flora.html]
[uniformcraft.com/cdn/shop/files/Flora_large9a9d.png]
[uniformcraft.com/cdn/shop/files/Flora_grande9a9d.png]
[uniformcraft.com/products/copy-of-scrub-cap-flora.html]
[uniformcraft.com/collections/scrub-caps/products/copy-of-scrub-cap-flora.html]
[uniformcraft.com/cdn/shop/files/CodeBlue_largef0ef.png]
[uniformcraft.com/cdn/shop/files/CodeBlue_grandef0ef.png]
[uniformcraft.com/products/copy-of-scrub-cap-code-blue.html]
[uniformcraft.com/collections/scrub-caps/products/copy-of-scrub-cap-code-blue.html]
[uniformcraft.com/cdn/shop/files/Bloom_d95e7016-2073-42bd-a74f-b69a80b660eb_largeec1b.png]
[uniformcraft.com/cdn/shop/files/Bloom_d95e7016-2073-42bd-a74f-b69a80b660eb_grandeec1b.png]
[uniformcraft.com/collections/scrub-caps.html]
[uniformcraft.com/collections/patient-wear.atom]
[uniformcraft.com/collections/patient-wear.oembed]
[uniformcraft.com/cdn/shop/collections/Patient_wear7ce5.jpg]
[uniformcraft.com/products/patient-gown-front-open-blue-dots.html]
[uniformcraft.com/collections/patient-wear/products/patient-gown-front-open-blue-dots.html]
[uniformcraft.com/cdn/shop/files/FOGBDModel_60569d77-80b8-4921-a136-5962005e94ef_largecd44.jpg]
[uniformcraft.com/cdn/shop/files/FOGBDModel_60569d77-80b8-4921-a136-5962005e94ef_grandecd44.jpg]
[uniformcraft.com/cdn/shop/files/IMG_7442_grande6cbb.jpg]
[uniformcraft.com/cdn/shop/files/PatientWear-Gowns_grande2f9e.png]
[uniformcraft.com/products/patient-gown-back-open-blue-dots.html]
[uniformcraft.com/collections/patient-wear/products/patient-gown-back-open-blue-dots.html]
[uniformcraft.com/cdn/shop/files/BOGBDModel_large10b4.jpg]
[uniformcraft.com/cdn/shop/files/BOGBDModel_grande10b4.jpg]
[uniformcraft.com/cdn/shop/files/IMG_1411_grande196d.jpg]
[uniformcraft.com/cdn/shop/files/IMG_7450_grande196d.jpg]
[uniformcraft.com/cdn/shop/files/IMG_7457_grande196d.jpg]
[uniformcraft.com/cdn/shop/files/PatientWear-Gowns_adadda58-46a9-439e-9606-91ab159371e8_grandec4dc.png]
[uniformcraft.com/products/patient-gown-front-open-dobby-checks.html]
[uniformcraft.com/collections/patient-wear/products/patient-gown-front-open-dobby-checks.html]
[uniformcraft.com/cdn/shop/files/IMG_7417_8d8169b5-635b-4bef-aebd-28dea8480b08_large651a.jpg]
[uniformcraft.com/cdn/shop/files/IMG_7417_8d8169b5-635b-4bef-aebd-28dea8480b08_grande651a.jpg]
[uniformcraft.com/cdn/shop/files/IMG_1419_grande0c48.jpg]
[uniformcraft.com/cdn/shop/files/IMG_7433_grande0c48.jpg]
[uniformcraft.com/cdn/shop/files/IMG_7426_grande0c48.jpg]
[uniformcraft.com/cdn/shop/files/AmazonFOGPUDFront_grande0c48.jpg]
[uniformcraft.com/cdn/shop/files/PatientWear-Gowns_f3964ae8-0c44-4906-8071-496fefa05bf7_grande1689.png]
[uniformcraft.com/products/unisex-patient-gown-bog-dobby-checks.html]
[uniformcraft.com/collections/patient-wear/products/unisex-patient-gown-bog-dobby-checks.html]
[uniformcraft.com/cdn/shop/files/bluedobbychecks2_largea6f7.png]
[uniformcraft.com/cdn/shop/files/bluedobbychecks2_grandea6f7.png]
[uniformcraft.com/cdn/shop/files/PatientWear-Gowns_ddf24942-0f32-4dbb-93ae-725fd29d5beb_grandea6f7.png]
[uniformcraft.com/products/unisex-patient-gown-ot-icu-bog.html]
[uniformcraft.com/collections/patient-wear/products/unisex-patient-gown-ot-icu-bog.html]
[uniformcraft.com/cdn/shop/files/BOGBDModel_large8e1d.png]
[uniformcraft.com/cdn/shop/files/BOGBDModel_grande8e1d.png]
[uniformcraft.com/products/patient-top-pyjama-blue-dots.html]
[uniformcraft.com/collections/patient-wear/products/patient-top-pyjama-blue-dots.html]
[uniformcraft.com/cdn/shop/files/TNPBDModel_largeab11.jpg]
[uniformcraft.com/cdn/shop/files/TNPBDModel_grandeab11.jpg]
[uniformcraft.com/cdn/shop/files/TNPBDModelback_grandeab11.jpg]
[uniformcraft.com/cdn/shop/files/PatientWear-Top_PyjamaSet_grande2b01.png]
[uniformcraft.com/collections/patient-wear.html]
[uniformcraft.com/collections/bedsheets.atom]
[uniformcraft.com/collections/bedsheets.oembed]
[uniformcraft.com/cdn/shop/collections/UC_Website_Main_Page_Banner-Bedsheets867b.png]
[uniformcraft.com/products/bedsheet-brown-dots-58-x-100.html]
[uniformcraft.com/collections/bedsheets/products/bedsheet-brown-dots-58-x-100.html]
[uniformcraft.com/cdn/shop/files/BEDSHEETBLUEDOTS-1_large13af.jpg]
[uniformcraft.com/cdn/shop/files/BEDSHEETBLUEDOTS-1_grande13af.jpg]
[uniformcraft.com/cdn/shop/files/BEDSHEETBROWNDOTS-1_grande13af.jpg]
[uniformcraft.com/cdn/shop/files/ALLBEDSHEETS_grande21cf.jpg]
[uniformcraft.com/cdn/shop/files/BEDSHEETBLUEDOTS_grande21cf.jpg]
[uniformcraft.com/cdn/shop/files/BEDSHEETBROWNDOTS_grande21cf.jpg]
[uniformcraft.com/cdn/shop/files/BEDSHEETTEALDOTS_granded6de.jpg]
[uniformcraft.com/cdn/shop/files/BEDSHEETPURPLEDOTS_grandef278.jpg]
[uniformcraft.com/cdn/shop/files/BEDSHEETPURPLEDOTS-1_grande664f.jpg]
[uniformcraft.com/cdn/shop/files/BEDSHEETPURPLEDOTS-1_7b8962da-486f-4ff8-a5f8-4ad6a777b195_grande3cec.jpg]
[uniformcraft.com/cdn/shop/files/BEDSHEETTEALDOTS-12_grande80cf.jpg]
[uniformcraft.com/products/pillow-covers-brown-dots-21-x-28.html]
[uniformcraft.com/collections/bedsheets/products/pillow-covers-brown-dots-21-x-28.html]
[uniformcraft.com/cdn/shop/files/PILLOWCOVERBLUEDOTS-1_large1272.jpg]
[uniformcraft.com/cdn/shop/files/PILLOWCOVERBLUEDOTS-1_grande1272.jpg]
[uniformcraft.com/cdn/shop/files/PILLOWCOVERBLUEDOTS-2_grande1272.jpg]
[uniformcraft.com/cdn/shop/files/PILLOWCOVERBROWNDOTS_grande1272.jpg]
[uniformcraft.com/cdn/shop/files/PILLOWCOVERBROWNDOTS2_grande1272.jpg]
[uniformcraft.com/cdn/shop/files/BEDSHEETBLUEDOTS_8210f6e9-67a2-4593-aa76-cf313298ad4b_grande1272.jpg]
[uniformcraft.com/cdn/shop/files/BEDSHEETBROWNDOTS_ee1a367f-b6d1-492b-84a8-c767520f8484_grande1272.jpg]
[uniformcraft.com/cdn/shop/files/PILLOWCOVERTEALDOT1_grande9129.jpg]
[uniformcraft.com/cdn/shop/files/PCT_grande7540.jpg]
[uniformcraft.com/cdn/shop/files/purple_s_grandee0be.jpg]
[uniformcraft.com/cdn/shop/files/purple_grande074f.jpg]
[uniformcraft.com/products/copy-of-bedsheets-dots-design-58-x-100-pack-of-2.html]
[uniformcraft.com/collections/bedsheets/products/copy-of-bedsheets-dots-design-58-x-100-pack-of-2.html]
[uniformcraft.com/cdn/shop/files/BEDSHEETWHITE-1_6b17c0b9-5720-45c3-b4e4-6848d0b2e450_larged791.jpg]
[uniformcraft.com/cdn/shop/files/BEDSHEETWHITE-1_6b17c0b9-5720-45c3-b4e4-6848d0b2e450_granded791.jpg]
[uniformcraft.com/cdn/shop/files/BEDSHEETWHITE-2_granded791.jpg]
[uniformcraft.com/cdn/shop/files/BEDSHEETWHITE_c9634acb-bb67-4122-a71c-144cb93aae9e_granded791.jpg]
[uniformcraft.com/cdn/shop/files/ALLBEDSHEETS_1f0e37c1-bdc9-4b76-b1c2-736e35737caa_grandefea6.jpg]
[uniformcraft.com/products/pillow-covers-solids-21-x-28-pack-of-2.html]
[uniformcraft.com/collections/bedsheets/products/pillow-covers-solids-21-x-28-pack-of-2.html]
[uniformcraft.com/cdn/shop/files/PILLOWCOVERWHITE1_fc1f8e63-1d19-48b7-a76c-30a5aa2f32a0_large7bb8.jpg]
[uniformcraft.com/cdn/shop/files/PILLOWCOVERWHITE1_fc1f8e63-1d19-48b7-a76c-30a5aa2f32a0_grande7bb8.jpg]
[uniformcraft.com/cdn/shop/files/BEDSHEETWHITE_grande7bb8.jpg]
[uniformcraft.com/cdn/shop/files/PILLOWCOVERWHITE2_405ef9aa-c5cd-48c1-980c-fa06c9ab6be2_grande7bb8.jpg]
[uniformcraft.com/collections/bedsheets.html]
[uniformcraft.com/collections/non-clinical.atom]
[uniformcraft.com/collections/non-clinical4658.html]
[uniformcraft.com/collections/non-clinical.oembed]
[uniformcraft.com/products/womens-front-office-shirt.html]
[uniformcraft.com/collections/non-clinical/products/womens-front-office-shirt.html]
[uniformcraft.com/cdn/shop/products/FOSWBlueFront_largec02b.jpg]
[uniformcraft.com/cdn/shop/products/FOSWBlueFront_grandec02b.jpg]
[uniformcraft.com/cdn/shop/files/FrontOfficeShirt-Female_grandec126.png]
[uniformcraft.com/cdn/shop/products/FOSWMustardFront_grandec126.jpg]
[uniformcraft.com/cdn/shop/products/FOSWPurple_grandec126.jpg]
[uniformcraft.com/products/womens-formal-trouser.html]
[uniformcraft.com/collections/non-clinical/products/womens-formal-trouser.html]
[uniformcraft.com/cdn/shop/products/NavyBlueFemaleformalpant_largee382.png]
[uniformcraft.com/cdn/shop/products/NavyBlueFemaleformalpant_grandee382.png]
[uniformcraft.com/cdn/shop/files/FrontOfficeTrouser-Female_grande5cdc.png]
[uniformcraft.com/products/mens-front-office-shirt.html]
[uniformcraft.com/collections/non-clinical/products/mens-front-office-shirt.html]
[uniformcraft.com/cdn/shop/products/Male-FOS-LB_largeb59f.jpg]
[uniformcraft.com/cdn/shop/products/Male-FOS-LB_grandeb59f.jpg]
[uniformcraft.com/cdn/shop/products/Male-FOS-purple_grande7aee.jpg]
[uniformcraft.com/cdn/shop/products/Male-FOS-Mus_grande8798.jpg]
[uniformcraft.com/products/male-nurse-pant-1.html]
[uniformcraft.com/collections/non-clinical/products/male-nurse-pant-1.html]
[uniformcraft.com/cdn/shop/products/MensformalNavybluepant-45_large3d28.jpg]
[uniformcraft.com/cdn/shop/products/MensformalNavybluepant-45_grande3d28.jpg]
[uniformcraft.com/cdn/shop/products/MensFormalNavyPantFront_grandeeb8c.jpg]
[uniformcraft.com/cdn/shop/files/FrontOfficeTrouser-Male_grande63ef.png]
[uniformcraft.com/products/female-support-staff-ss01.html]
[uniformcraft.com/collections/non-clinical/products/female-support-staff-ss01.html]
[uniformcraft.com/cdn/shop/files/SS01Red_8d514778-d508-4b70-b6a1-36c7b365e007_large7968.png]
[uniformcraft.com/cdn/shop/files/SS01Red_8d514778-d508-4b70-b6a1-36c7b365e007_grande7968.png]
[uniformcraft.com/cdn/shop/files/SupportStaff-Female_grande7968.png]
[uniformcraft.com/cdn/shop/files/SS01Blue_grande7968.png]
[uniformcraft.com/cdn/shop/files/SS01Marigold_grande7968.png]
[uniformcraft.com/collections/non-clinical/products/male-support-staff-mss01.html]
[uniformcraft.com/collections/non-clinical/products/male-support-staff-mss02.html]
[uniformcraft.com/products/female-support-staff-ss02.html]
[uniformcraft.com/collections/non-clinical/products/female-support-staff-ss02.html]
[uniformcraft.com/cdn/shop/files/SS02-OCEANBLUE_1_largeb623.jpg]
[uniformcraft.com/cdn/shop/files/SS02-OCEANBLUE_1_grandeb623.jpg]
[uniformcraft.com/cdn/shop/files/SupportStaff-Female_fef1bc72-c6f1-46ca-b92e-711b68adbfc0_grande031d.png]
[uniformcraft.com/cdn/shop/files/SS02-MUSTARD_1_grande031d.jpg]
[uniformcraft.com/cdn/shop/files/SS02-LIGHTTEAL_grande031d.jpg]
[uniformcraft.com/cdn/shop/files/SS02-ISLANDBLUE_grande031d.jpg]
[uniformcraft.com/products/admin-saree.html]
[uniformcraft.com/collections/non-clinical/products/admin-saree.html]
[uniformcraft.com/cdn/shop/files/YellowSareeFin1_largeac15.png]
[uniformcraft.com/cdn/shop/files/YellowSareeFin1_grandeac15.png]
[uniformcraft.com/cdn/shop/files/TealSareeFin1_grandedea3.png]
[uniformcraft.com/products/female-support-staff-ss03.html]
[uniformcraft.com/collections/non-clinical/products/female-support-staff-ss03.html]
[uniformcraft.com/cdn/shop/files/g3850_large406a.png]
[uniformcraft.com/cdn/shop/files/g3850_grande406a.png]
[uniformcraft.com/cdn/shop/files/g3333_grande406a.png]
[uniformcraft.com/cdn/shop/files/IMG_7337_1_granded7d7.jpg]
[uniformcraft.com/cdn/shop/files/green_granded89a.jpg]
[uniformcraft.com/products/female-support-staff-ss04.html]
[uniformcraft.com/collections/non-clinical/products/female-support-staff-ss04.html]
[uniformcraft.com/cdn/shop/files/SS04_2_large8531.jpg]
[uniformcraft.com/cdn/shop/files/SS04_2_grande8531.jpg]
[uniformcraft.com/cdn/shop/files/SS04-GREEN_grande4fd7.jpg]
[uniformcraft.com/cdn/shop/files/g1742_grandea79c.png]
[uniformcraft.com/cdn/shop/files/g1766_grande7ed3.png]
[uniformcraft.com/cdn/shop/files/SS04_1_grande924a.jpg]
[uniformcraft.com/cdn/shop/files/SS04-GREEN_1_grande1a44.jpg]
[uniformcraft.com/products/men-s-pique-polo-t-shirt.html]
[uniformcraft.com/collections/non-clinical/products/men-s-pique-polo-t-shirt.html]
[uniformcraft.com/cdn/shop/files/BLACK-ECRU_large1798.jpg]
[uniformcraft.com/cdn/shop/files/BLACK-ECRU_grande1798.jpg]
[uniformcraft.com/cdn/shop/files/T-Shirts_-_Male_grande36b2.png]
[uniformcraft.com/cdn/shop/files/WHITE_872157a8-609a-472e-a406-1cde1e681b42_grandea722.jpg]
[uniformcraft.com/cdn/shop/files/NAVY_b351100b-9741-4b92-bca8-8de2692cb000_grande33c1.jpg]
[uniformcraft.com/cdn/shop/files/grey_3460a509-c053-4df6-9e70-5f7d260fdb95_grande4b2f.jpg]
[uniformcraft.com/products/men-s-pique-polo-t-shirt-copy.html]
[uniformcraft.com/collections/non-clinical/products/men-s-pique-polo-t-shirt-copy.html]
[uniformcraft.com/cdn/shop/files/ORANGE_largea482.jpg]
[uniformcraft.com/cdn/shop/files/ORANGE_grandea482.jpg]
[uniformcraft.com/cdn/shop/files/LGREY_grande90b7.jpg]
[uniformcraft.com/cdn/shop/files/SEA_BLUE_1_grande90b7.jpg]
[uniformcraft.com/cdn/shop/files/TRUE_NAVY_grande70fc.jpg]
[uniformcraft.com/cdn/shop/files/TSHIRT_grandecf14.jpg]
[uniformcraft.com/products/male-support-staff-mss05.html]
[uniformcraft.com/collections/non-clinical/products/male-support-staff-mss05.html]
[uniformcraft.com/cdn/shop/files/valetwhitewithblack_large6723.jpg]
[uniformcraft.com/cdn/shop/files/valetwhitewithblack_grande6723.jpg]
[uniformcraft.com/cdn/shop/files/valet_black_with_black_trouser_grandecfc8.jpg]
[uniformcraft.com/products/male-support-staff-mss01-copy.html]
[uniformcraft.com/collections/non-clinical/products/male-support-staff-mss01-copy.html]
[uniformcraft.com/cdn/shop/files/MSS01-CR_1_large2437.jpg]
[uniformcraft.com/cdn/shop/files/MSS01-CR_1_grande2437.jpg]
[uniformcraft.com/cdn/shop/files/MSS01-CR_2_grandea37d.jpg]
[uniformcraft.com/cdn/shop/files/MSS01-CR_Back_grande493d.jpg]
[uniformcraft.com/cdn/shop/files/MSS01-CR_Neck_grande3c43.jpg]
[uniformcraft.com/products/male-support-staff-mss01-copy-1.html]
[uniformcraft.com/collections/non-clinical/products/male-support-staff-mss01-copy-1.html]
[uniformcraft.com/cdn/shop/files/MSS01-MGD_1_large1809.jpg]
[uniformcraft.com/cdn/shop/files/MSS01-MGD_1_grande1809.jpg]
[uniformcraft.com/cdn/shop/files/MSS01-MGD_2_grande1809.jpg]
[uniformcraft.com/cdn/shop/files/MSS01-MGD_Back_grande1809.jpg]
[uniformcraft.com/cdn/shop/files/MSS01-MGD_Neck_grande453b.jpg]
[uniformcraft.com/collections/non-clinical.html]
[uniformcraft.com/pages/faqs.html]
[uniformcraft.com/blogs/news.atom]
[uniformcraft.com/blogs/news/POST]
[uniformcraft.com/blogs/news.html]
[uniformcraft.com/blogs/news/lab-coats.html]
[uniformcraft.com/blogs/news/18595019-size-guide.html]
[uniformcraft.com/collections/front-desk-attire.atom]
[uniformcraft.com/collections/front-desk-attire.oembed]
[uniformcraft.com/cdn/shop/collections/Front_deskca51.jpg]
[uniformcraft.com/collections/front-desk-attire/products/womens-front-office-shirt.html]
[uniformcraft.com/collections/front-desk-attire/products/mens-front-office-shirt.html]
[uniformcraft.com/collections/front-desk-attire/products/womens-formal-trouser.html]
[uniformcraft.com/collections/front-desk-attire/products/male-nurse-pant-1.html]
[uniformcraft.com/collections/front-desk-attire.html]
[uniformcraft.com/collections/front-desk-attire/products/admin-saree.html]
[uniformcraft.com/collections/support-staff.atom]
[uniformcraft.com/collections/support-staff.oembed]
[uniformcraft.com/cdn/shop/collections/UC_Website_Main_Page_Banner-Support_Staff5f0a.png]
[uniformcraft.com/collections/support-staff/products/female-support-staff-ss01.html]
[uniformcraft.com/collections/support-staff/products/male-support-staff-mss01.html]
[uniformcraft.com/collections/support-staff/products/male-support-staff-mss02.html]
[uniformcraft.com/collections/support-staff/products/female-support-staff-ss02.html]
[uniformcraft.com/collections/support-staff/products/female-support-staff-ss03.html]
[uniformcraft.com/collections/support-staff/products/female-support-staff-ss04.html]
[uniformcraft.com/collections/support-staff/products/male-support-staff-mss05.html]
[uniformcraft.com/collections/support-staff/products/male-support-staff-mss01-copy.html]
[uniformcraft.com/collections/support-staff/products/male-support-staff-mss01-copy-1.html]
[uniformcraft.com/products/male-support-staff-mss01-copy-2.html]
[uniformcraft.com/collections/support-staff/products/male-support-staff-mss01-copy-2.html]
[uniformcraft.com/cdn/shop/files/MSS01-IB_1_large03ea.jpg]
[uniformcraft.com/cdn/shop/files/MSS01-IB_1_grande03ea.jpg]
[uniformcraft.com/cdn/shop/files/MSS01-IB_2_grande03ea.jpg]
[uniformcraft.com/cdn/shop/files/MSS01-IB_Back_grande03ea.jpg]
[uniformcraft.com/cdn/shop/files/MSS01-IB_Neck_grande4003.jpg]
[uniformcraft.com/products/support-staff-vest-female-ssv.html]
[uniformcraft.com/collections/support-staff/products/support-staff-vest-female-ssv.html]
[uniformcraft.com/cdn/shop/files/GREY_599906f0-63c0-44db-8f2e-e5e42d0a1c07_large2035.jpg]
[uniformcraft.com/cdn/shop/files/GREY_599906f0-63c0-44db-8f2e-e5e42d0a1c07_grande2035.jpg]
[uniformcraft.com/cdn/shop/files/NAVY_8c2c6bb0-9f13-489d-9f13-493155428fea_grandef814.jpg]
[uniformcraft.com/products/male-support-staff-mss02-island-blue.html]
[uniformcraft.com/collections/support-staff/products/male-support-staff-mss02-island-blue.html]
[uniformcraft.com/cdn/shop/files/ISLANDBLUE_2_large0230.jpg]
[uniformcraft.com/cdn/shop/files/ISLANDBLUE_2_grande0230.jpg]
[uniformcraft.com/products/male-support-staff-mss02-mustard.html]
[uniformcraft.com/collections/support-staff/products/male-support-staff-mss02-mustard.html]
[uniformcraft.com/cdn/shop/files/MUSTARD_1_1_largea5a8.jpg]
[uniformcraft.com/cdn/shop/files/MUSTARD_1_1_grandea5a8.jpg]
[uniformcraft.com/products/male-support-staff-mss02-light-teal-1.html]
[uniformcraft.com/collections/support-staff/products/male-support-staff-mss02-light-teal-1.html]
[uniformcraft.com/cdn/shop/files/LIGHT_TEAL_3_large0de0.jpg]
[uniformcraft.com/cdn/shop/files/LIGHT_TEAL_3_grande0de0.jpg]
[uniformcraft.com/cdn/shop/files/LIGHT_TEAL_2_d299b885-90e4-4d06-a32c-69fa91ec9825_grande2cda.jpg]
[uniformcraft.com/collections/support-staff.html]
[uniformcraft.com/collections/t-shirts.atom]
[uniformcraft.com/collections/t-shirts.oembed]
[uniformcraft.com/cdn/shop/collections/UC_Website_Main_Page_Banner-TShirts_Without_Text43e2.png]
[uniformcraft.com/collections/t-shirts/products/men-s-pique-polo-t-shirt.html]
[uniformcraft.com/collections/t-shirts.html]
[uniformcraft.com/collections/t-shirts/products/men-s-pique-polo-t-shirt-copy.html]
[uniformcraft.com/cdn/shopifycloud/shopify/assets/themes_support/customer_area-4beccea87758d91106a581ba89341d9b51842f6da79209258c8297239e950343.js]
[uniformcraft.com/account/POST]
[uniformcraft.com/account/login.html]
[uniformcraft.com/account/register.html]
[uniformcraft.com/collections/all.atom]
[uniformcraft.com/collections/all4658.html]
[uniformcraft.com/collections/all.oembed]
[uniformcraft.com/cdn/shop/collections/UC_Website_All_Collections_Bannerc6f0.png]
[uniformcraft.com/collections/all/products/female-nurse-uniform-nt03-oakbrown-yellow.html]
[uniformcraft.com/collections/all/products/nurse-uniform-nt09-ginger-yellow-navy.html]
[uniformcraft.com/collections/all/products/nurse-uniform-set-nt11-light-purple-white.html]
[uniformcraft.com/collections/all/products/nurse-uniform-nt07-light-teal-navy.html]
[uniformcraft.com/collections/all/products/female-scrub-suit-dsvx.html]
[uniformcraft.com/collections/all/products/mens-scrub-suit.html]
[uniformcraft.com/collections/all/products/nurse-uniform-nt04-sky-blue-yellow.html]
[uniformcraft.com/collections/all/products/nursing-uniform-set-nt01-1.html]
[uniformcraft.com/collections/all/products/nurse-uniform-nt10.html]
[uniformcraft.com/collections/all/products/nt02-female-nurse-uniform.html]
[uniformcraft.com/collections/all/products/male-support-staff-shirt.html]
[uniformcraft.com/collections/all/products/male-nurse-shirt-mnt01.html]
[uniformcraft.com/collections/all/products/doctors-coat-female-dco1f.html]
[uniformcraft.com/collections/all/products/lab-coat-male-lc01m.html]
[uniformcraft.com/collections/all/products/patient-gown-back-open-blue-dots.html]
[uniformcraft.com/collections/all/products/patient-gown-front-open-blue-dots.html]
[uniformcraft.com/collections/all9ba9.html]
[uniformcraft.com/collections/all.html]
[uniformcraft.com/collections/allc575.html]
[uniformcraft.com/products/female-scrub-suit-dsvx.oembed]
[uniformcraft.com/products/POST]
[uniformcraft.com/cdn/shop/files/OLIVEBLUE21a71.jpg]
[uniformcraft.com/cdn/shop/files/OLIVEBLUE2_small1a71.jpg]
[uniformcraft.com/cdn/shop/files/Scrubs-Female3023.jpg]
[uniformcraft.com/cdn/shop/files/Scrubs-Female_small3023.jpg]
[uniformcraft.com/cdn/shop/files/OLIVEBLUE_7b982133-f83f-42ed-a948-cc5557a604163023.jpg]
[uniformcraft.com/cdn/shop/files/OLIVEBLUE_7b982133-f83f-42ed-a948-cc5557a60416_small3023.jpg]
[uniformcraft.com/cdn/shop/products/dsvx-emb3023.png]
[uniformcraft.com/cdn/shop/products/dsvx-emb_small3023.png]
[uniformcraft.com/cdn/shop/files/BRIGHTBLUE3023.jpg]
[uniformcraft.com/cdn/shop/files/BRIGHTBLUE_small3023.jpg]
[uniformcraft.com/cdn/shop/files/OCEANBLUE43023.jpg]
[uniformcraft.com/cdn/shop/files/OCEANBLUE4_small3023.jpg]
[uniformcraft.com/cdn/shop/products/DSVX-OB-Front3023.jpg]
[uniformcraft.com/cdn/shop/products/DSVX-OB-Front_small3023.jpg]
[uniformcraft.com/cdn/shop/files/ISLANDBLUE3023.jpg]
[uniformcraft.com/cdn/shop/files/ISLANDBLUE_small3023.jpg]
[uniformcraft.com/cdn/shop/products/DSVX-IB-453023.jpg]
[uniformcraft.com/cdn/shop/products/DSVX-IB-45_small3023.jpg]
[uniformcraft.com/cdn/shop/products/DSVX-DT-FRONT3023.png]
[uniformcraft.com/cdn/shop/products/DSVX-DT-FRONT_small3023.png]
[uniformcraft.com/cdn/shop/files/DARKTEAL3023.jpg]
[uniformcraft.com/cdn/shop/files/DARKTEAL_small3023.jpg]
[uniformcraft.com/cdn/shop/files/LIGHTTEAL3023.jpg]
[uniformcraft.com/cdn/shop/files/LIGHTTEAL_small3023.jpg]
[uniformcraft.com/cdn/shop/products/DSVX-LT-Front3023.jpg]
[uniformcraft.com/cdn/shop/products/DSVX-LT-Front_small3023.jpg]
[uniformcraft.com/cdn/shop/files/1.OLIVEGREEN_e829ebd2-c6f6-4c46-8408-237195c33d61aa59.jpg]
[uniformcraft.com/cdn/shop/files/1.OLIVEGREEN_e829ebd2-c6f6-4c46-8408-237195c33d61_smallaa59.jpg]
[uniformcraft.com/cdn/shop/products/DSVX-OLG-Frontaa59.jpg]
[uniformcraft.com/cdn/shop/products/DSVX-OLG-Front_smallaa59.jpg]
[uniformcraft.com/cdn/shop/files/LIMEGREEN2aa59.jpg]
[uniformcraft.com/cdn/shop/files/LIMEGREEN2_smallaa59.jpg]
[uniformcraft.com/cdn/shop/products/DSVX-LIMG-Front-amazonaa59.jpg]
[uniformcraft.com/cdn/shop/products/DSVX-LIMG-Front-amazon_smallaa59.jpg]
[uniformcraft.com/cdn/shop/files/DSVX-LIGaa59.png]
[uniformcraft.com/cdn/shop/files/DSVX-LIG_smallaa59.png]
[uniformcraft.com/cdn/shop/files/LIGHTGREENaa59.jpg]
[uniformcraft.com/cdn/shop/files/LIGHTGREEN_smallaa59.jpg]
[uniformcraft.com/cdn/shop/files/GREYaa59.jpg]
[uniformcraft.com/cdn/shop/files/GREY_smallaa59.jpg]
[uniformcraft.com/cdn/shop/products/DSVX-GR-Frontaa59.jpg]
[uniformcraft.com/cdn/shop/products/DSVX-GR-Front_smallaa59.jpg]
[uniformcraft.com/cdn/shop/files/PLUMaa59.jpg]
[uniformcraft.com/cdn/shop/files/PLUM_smallaa59.jpg]
[uniformcraft.com/cdn/shop/products/DSVX-PL-Frontaa59.jpg]
[uniformcraft.com/cdn/shop/products/DSVX-PL-Front_smallaa59.jpg]
[uniformcraft.com/cdn/shop/files/MUSTARDaa59.jpg]
[uniformcraft.com/cdn/shop/files/MUSTARD_smallaa59.jpg]
[uniformcraft.com/cdn/shop/products/DSVX-MUS-Frontaa59.jpg]
[uniformcraft.com/cdn/shop/products/DSVX-MUS-Front_smallaa59.jpg]
[uniformcraft.com/cdn/shop/files/VIOLETaa59.jpg]
[uniformcraft.com/cdn/shop/files/VIOLET_smallaa59.jpg]
[uniformcraft.com/cdn/shop/products/DSVX-VI-Frontaa59.jpg]
[uniformcraft.com/cdn/shop/products/DSVX-VI-Front_smallaa59.jpg]
[uniformcraft.com/cdn/shop/files/BLACKaa59.jpg]
[uniformcraft.com/cdn/shop/files/BLACK_smallaa59.jpg]
[uniformcraft.com/cdn/shop/products/DSVX-BLK-Frontaa59.jpg]
[uniformcraft.com/cdn/shop/products/DSVX-BLK-Front_smallaa59.jpg]
[uniformcraft.com/cdn/shop/files/CRIMSONRED1aa59.jpg]
[uniformcraft.com/cdn/shop/files/CRIMSONRED1_smallaa59.jpg]
[uniformcraft.com/cdn/shop/files/LAVENDARaa59.jpg]
[uniformcraft.com/cdn/shop/files/LAVENDAR_smallaa59.jpg]
[uniformcraft.com/cdn/shop/products/DSVX-CR-Frontaa59.jpg]
[uniformcraft.com/cdn/shop/products/DSVX-CR-Front_smallaa59.jpg]
[uniformcraft.com/cdn/shop/files/DSVXLavaa59.png]
[uniformcraft.com/cdn/shop/files/DSVXLav_smallaa59.png]
[uniformcraft.com/cdn/shop/files/OLIVEBLUE2_1024x10241a71.jpg]
[uniformcraft.com/cdn/shop/files/Scrubs-Female_1024x10243023.jpg]
[uniformcraft.com/cdn/shop/files/OLIVEBLUE_7b982133-f83f-42ed-a948-cc5557a60416_1024x10243023.jpg]
[uniformcraft.com/cdn/shop/products/dsvx-emb_1024x10243023.png]
[uniformcraft.com/cdn/shop/files/BRIGHTBLUE_1024x10243023.jpg]
[uniformcraft.com/cdn/shop/files/OCEANBLUE4_1024x10243023.jpg]
[uniformcraft.com/cdn/shop/products/DSVX-OB-Front_1024x10243023.jpg]
[uniformcraft.com/cdn/shop/files/ISLANDBLUE_1024x10243023.jpg]
[uniformcraft.com/cdn/shop/products/DSVX-IB-45_1024x10243023.jpg]
[uniformcraft.com/cdn/shop/products/DSVX-DT-FRONT_1024x10243023.png]
[uniformcraft.com/cdn/shop/files/DARKTEAL_1024x10243023.jpg]
[uniformcraft.com/cdn/shop/files/LIGHTTEAL_1024x10243023.jpg]
[uniformcraft.com/cdn/shop/products/DSVX-LT-Front_1024x10243023.jpg]
[uniformcraft.com/cdn/shop/files/1.OLIVEGREEN_e829ebd2-c6f6-4c46-8408-237195c33d61_1024x1024aa59.jpg]
[uniformcraft.com/cdn/shop/products/DSVX-OLG-Front_1024x1024aa59.jpg]
[uniformcraft.com/cdn/shop/files/LIMEGREEN2_1024x1024aa59.jpg]
[uniformcraft.com/cdn/shop/products/DSVX-LIMG-Front-amazon_1024x1024aa59.jpg]
[uniformcraft.com/cdn/shop/files/DSVX-LIG_1024x1024aa59.png]
[uniformcraft.com/cdn/shop/files/LIGHTGREEN_1024x1024aa59.jpg]
[uniformcraft.com/cdn/shop/files/GREY_1024x1024aa59.jpg]
[uniformcraft.com/cdn/shop/products/DSVX-GR-Front_1024x1024aa59.jpg]
[uniformcraft.com/cdn/shop/files/PLUM_1024x1024aa59.jpg]
[uniformcraft.com/products/female-scrub-suit-dsvx.html]
[uniformcraft.com/collections/our-bestsellers/products/POST]
[uniformcraft.com/cdn/shop/files/MUSTARD_1024x1024aa59.jpg]
[uniformcraft.com/cdn/shop/products/DSVX-MUS-Front_1024x1024aa59.jpg]
[uniformcraft.com/cdn/shop/files/VIOLET_1024x1024aa59.jpg]
[uniformcraft.com/cdn/shop/products/DSVX-VI-Front_1024x1024aa59.jpg]
[uniformcraft.com/cdn/shop/files/BLACK_1024x1024aa59.jpg]
[uniformcraft.com/cdn/shop/products/DSVX-BLK-Front_1024x1024aa59.jpg]
[uniformcraft.com/cdn/shop/files/CRIMSONRED1_1024x1024aa59.jpg]
[uniformcraft.com/cdn/shop/files/LAVENDAR_1024x1024aa59.jpg]
[uniformcraft.com/collections/our-bestsellers/products/female-scrub-suit-dsvx.html]
[uniformcraft.com/products/male-scrub-suit-designer-dsdv.oembed]
[uniformcraft.com/products/male-scrub-suit-designer-dsdv.html]
[uniformcraft.com/collections/our-bestsellers/products/male-scrub-suit-designer-dsdv.html]
[uniformcraft.com/cdn/shop/products/DSVX-CR-Front_1024x1024aa59.jpg]
[uniformcraft.com/products/female-scrub-suit-designer-dsdx.html]
[uniformcraft.com/products/female-scrub-suit-designer-dsdx.oembed]
[uniformcraft.com/collections/our-bestsellers/products/female-scrub-suit-designer-dsdx.html]
[uniformcraft.com/products/nurse-uniform-nt09-ginger-yellow-navy.html]
[uniformcraft.com/products/nurse-uniform-nt09-ginger-yellow-navy.oembed]
[uniformcraft.com/cdn/shop/products/NT09-GYNB-frontd86a.jpg]
[uniformcraft.com/cdn/shop/products/NT09-GYNB-front_smalld86a.jpg]
[uniformcraft.com/cdn/shop/files/Nursing_Set_-_Female9810.png]
[uniformcraft.com/cdn/shop/files/Nursing_Set_-_Female_small9810.png]
[uniformcraft.com/cdn/shop/products/NT09-MGNB-front68fd.jpg]
[uniformcraft.com/cdn/shop/products/NT09-MGNB-front_small68fd.jpg]
[uniformcraft.com/cdn/shop/products/NT09-WNB-front68fd.jpg]
[uniformcraft.com/cdn/shop/products/NT09-WNB-front_small68fd.jpg]
[uniformcraft.com/cdn/shop/products/NT09-GYNB-front_1024x1024d86a.jpg]
[uniformcraft.com/cdn/shop/files/Nursing_Set_-_Female_1024x10249810.png]
[uniformcraft.com/cdn/shop/products/NT09-MGNB-front_1024x102468fd.jpg]
[uniformcraft.com/cdn/shop/products/NT09-WNB-front_1024x102468fd.jpg]
[uniformcraft.com/collections/our-bestsellers/products/nurse-uniform-nt09-ginger-yellow-navy.html]
[uniformcraft.com/products/male-support-staff-mss02.oembed]
[uniformcraft.com/collections/our-bestsellers.html]
[uniformcraft.com/cdn/shop/files/OCEANBLUE_2_852fa6ad-5449-4b4f-9309-b2665fc5732da5a8.jpg]
[uniformcraft.com/products/male-support-staff-mss02.html]
[uniformcraft.com/cdn/shop/files/OCEANBLUE_2_852fa6ad-5449-4b4f-9309-b2665fc5732d_smalla5a8.jpg]
[uniformcraft.com/collections/our-bestsellers/products/male-support-staff-mss02.html]
[uniformcraft.com/products/male-support-staff-mss01.oembed]
[uniformcraft.com/cdn/shop/files/MSS01-CRb8b8.png]
[uniformcraft.com/cdn/shop/files/OCEANBLUE_2_852fa6ad-5449-4b4f-9309-b2665fc5732d_1024x1024a5a8.jpg]
[uniformcraft.com/products/male-support-staff-mss01.html]
[uniformcraft.com/cdn/shop/files/MSS01-CR_smallb8b8.png]
[uniformcraft.com/cdn/shop/files/Scrubs-Maleb8b8.jpg]
[uniformcraft.com/cdn/shop/files/Scrubs-Male_smallb8b8.html]
[uniformcraft.com/collections/our-bestsellers/products/male-support-staff-mss01.html]
[uniformcraft.com/pages/service.html]
[uniformcraft.com/pages/privacy-policy.html]
[uniformcraft.com/pages/terms-and-conditions.html]
[uniformcraft.com/policies/terms-of-service.html]
[uniformcraft.com/policies/refund-policy.html]
[connect.facebook.net/en_US/sdk.js]
[uniformcraft.com/cart.html]
[uniformcraft.com/cdn/shop/t/21/assets/owl.video.play.html]
[uniformcraft.com/cdn/shop/t/21/fonts/glyphicons-halflings-regular.html]
[uniformcraft.com/cdn/shop/t/21/fonts/glyphicons-halflings-regulard41d.html]
[uniformcraft.com/cdn/shop/t/21/fonts/glyphicons-halflings-regular-2.html]
[uniformcraft.com/cdn/shop/t/21/fonts/glyphicons-halflings-regular-3.html]
[uniformcraft.com/cdn/shop/t/21/fonts/glyphicons-halflings-regular-4.html]
[uniformcraft.com/pages/POST.html]
[uniformcraft.com/collections/nurse-uniforms4658.html]
[uniformcraft.com/collections/POST.html]
[uniformcraft.com/products/nursing-uniform-set-nt01-1.html]
[uniformcraft.com/collections/nurse-uniforms/products/nursing-uniform-set-nt01-1.html]
[uniformcraft.com/products/nt02-female-nurse-uniform.html]
[uniformcraft.com/collections/nurse-uniforms/products/nt02-female-nurse-uniform.html]
[uniformcraft.com/products/female-nurse-uniform-nt03-oakbrown-yellow.html]
[uniformcraft.com/collections/nurse-uniforms/products/female-nurse-uniform-nt03-oakbrown-yellow.html]
[uniformcraft.com/products/nurse-uniform-nt04-sky-blue-yellow.html]
[uniformcraft.com/collections/nurse-uniforms/products/nurse-uniform-nt04-sky-blue-yellow.html]
[uniformcraft.com/products/female-nurse-uniform-nt05.html]
[uniformcraft.com/collections/nurse-uniforms/products/female-nurse-uniform-nt05.html]
[uniformcraft.com/products/female-nurse-uniform-nt06.html]
[uniformcraft.com/collections/nurse-uniforms/products/female-nurse-uniform-nt06.html]
[uniformcraft.com/products/nurse-uniform-nt07-light-teal-navy.html]
[uniformcraft.com/collections/nurse-uniforms/products/nurse-uniform-nt07-light-teal-navy.html]
[uniformcraft.com/products/female-nurse-uniform-nt08.html]
[uniformcraft.com/collections/nurse-uniforms/products/female-nurse-uniform-nt08.html]
[uniformcraft.com/collections/nurse-uniforms/products/nurse-uniform-nt09-ginger-yellow-navy.html]
[uniformcraft.com/products/nurse-uniform-nt10.html]
[uniformcraft.com/collections/nurse-uniforms/products/nurse-uniform-nt10.html]
[uniformcraft.com/products/nurse-uniform-set-nt11-light-purple-white.html]
[uniformcraft.com/collections/nurse-uniforms/products/nurse-uniform-set-nt11-light-purple-white.html]
[uniformcraft.com/products/copy-of-female-nurse-uniform-nt05.html]
[uniformcraft.com/collections/nurse-uniforms/products/copy-of-female-nurse-uniform-nt05.html]
[uniformcraft.com/products/copy-of-female-nurse-uniform-nt02.html]
[uniformcraft.com/collections/nurse-uniforms/products/copy-of-female-nurse-uniform-nt02.html]
[uniformcraft.com/products/male-nurse-shirt-mnt01.html]
[uniformcraft.com/collections/nurse-uniforms/products/male-nurse-shirt-mnt01.html]
[uniformcraft.com/products/male-support-staff-shirt-mnt03.html]
[uniformcraft.com/collections/nurse-uniforms/products/male-support-staff-shirt-mnt03.html]
[uniformcraft.com/products/male-support-staff-shirt.html]
[uniformcraft.com/collections/nurse-uniforms/products/male-support-staff-shirt.html]
[uniformcraft.com/collections/scrub-suits4658.html]
[uniformcraft.com/collections/scrub-suits/products/female-scrub-suit-dsvx.html]
[uniformcraft.com/products/mens-scrub-suit.html]
[uniformcraft.com/collections/scrub-suits/products/mens-scrub-suit.html]
[uniformcraft.com/products/female-scrub-suit-dsvx-new-colours.html]
[uniformcraft.com/collections/scrub-suits/products/female-scrub-suit-dsvx-new-colours.html]
[uniformcraft.com/products/copy-of-mens-scrub-suit-dsv.html]
[uniformcraft.com/collections/scrub-suits/products/copy-of-mens-scrub-suit-dsv.html]
[uniformcraft.com/products/female-scrub-suit-round-neck-dsu.html]
[uniformcraft.com/collections/scrub-suits/products/female-scrub-suit-round-neck-dsu.html]
[uniformcraft.com/products/mens-scrub-suit-round-neck-dsu.html]
[uniformcraft.com/collections/scrub-suits/products/mens-scrub-suit-round-neck-dsu.html]
[uniformcraft.com/collections/scrub-suits/products/female-scrub-suit-designer-dsdx.html]
[uniformcraft.com/collections/scrub-suits/products/male-scrub-suit-designer-dsdv.html]
[uniformcraft.com/products/female-scrub-suit-designer-dsdx03.html]
[uniformcraft.com/collections/scrub-suits/products/female-scrub-suit-designer-dsdx03.html]
[uniformcraft.com/products/mens-scrub-suit-designer-dsdv03.html]
[uniformcraft.com/collections/scrub-suits/products/mens-scrub-suit-designer-dsdv03.html]
[uniformcraft.com/products/female-scrub-suit-designer-dsdx04.html]
[uniformcraft.com/collections/scrub-suits/products/female-scrub-suit-designer-dsdx04.html]
[uniformcraft.com/products/mens-scrub-suit-designer-dsdv04.html]
[uniformcraft.com/collections/scrub-suits/products/mens-scrub-suit-designer-dsdv04.html]
[uniformcraft.com/products/unisex-scrub-suit-vdsv-bone-collector-combo.html]
[uniformcraft.com/collections/scrub-suits/products/unisex-scrub-suit-vdsv-bone-collector-combo.html]
[uniformcraft.com/products/unisex-scrub-suit-vdsv-purr-fect-combo.html]
[uniformcraft.com/collections/scrub-suits/products/unisex-scrub-suit-vdsv-purr-fect-combo.html]
[uniformcraft.com/products/copy-of-male-underscrubs-half-sleeve-1.html]
[uniformcraft.com/collections/scrub-suits/products/copy-of-male-underscrubs-half-sleeve-1.html]
[uniformcraft.com/products/male-underscrubs-half-sleeve.html]
[uniformcraft.com/collections/scrub-suits/products/male-underscrubs-half-sleeve.html]
[uniformcraft.com/products/uc-stretch-female-scrub-top-1.html]
[uniformcraft.com/collections/uc-stretch-1/products/uc-stretch-female-scrub-top-1.html]
[uniformcraft.com/products/uc-stretch-female-straight-pants.html]
[uniformcraft.com/collections/uc-stretch-1/products/uc-stretch-female-straight-pants.html]
[uniformcraft.com/products/uc-stretch-female-joggers-regular-length.html]
[uniformcraft.com/collections/uc-stretch-1/products/uc-stretch-female-joggers-regular-length.html]
[uniformcraft.com/products/uc-stretch-female-joggers-long-length.html]
[uniformcraft.com/collections/uc-stretch-1/products/uc-stretch-female-joggers-long-length.html]
[uniformcraft.com/products/uc-stretch-male-scrub-top.html]
[uniformcraft.com/collections/uc-stretch-1/products/uc-stretch-male-scrub-top.html]
[uniformcraft.com/products/uc-stretch-male-straight-pants.html]
[uniformcraft.com/collections/uc-stretch-1/products/uc-stretch-male-straight-pants.html]
[uniformcraft.com/products/uc-stretch-male-joggers-regular-length.html]
[uniformcraft.com/collections/uc-stretch-1/products/uc-stretch-male-joggers-regular-length.html]
[uniformcraft.com/products/uc-stretch-male-joggers-long-length.html]
[uniformcraft.com/collections/uc-stretch-1/products/uc-stretch-male-joggers-long-length.html]
[uniformcraft.com/products/denim-scrubs-female.html]
[uniformcraft.com/collections/uc-stretch-1/products/denim-scrubs-female.html]
[uniformcraft.com/products/copy-of-uc-stretch-female-scrub-top.html]
[uniformcraft.com/collections/uc-stretch-1/products/copy-of-uc-stretch-female-scrub-top.html]
[uniformcraft.com/products/copy-of-male-underscrubs-full-sleeve.html]
[uniformcraft.com/collections/uc-stretch-1/products/copy-of-male-underscrubs-full-sleeve.html]
[uniformcraft.com/collections/uc-stretch-1/products/male-underscrubs-half-sleeve.html]
[uniformcraft.com/products/copy-of-male-underscrubs-half-sleeve.html]
[uniformcraft.com/collections/uc-stretch-1/products/copy-of-male-underscrubs-half-sleeve.html]
[uniformcraft.com/collections/uc-stretch-1/products/copy-of-male-underscrubs-half-sleeve-1.html]
[uniformcraft.com/products/doctors-coat-male-dc01am.html]
[uniformcraft.com/collections/doctor-coats/products/doctors-coat-male-dc01am.html]
[uniformcraft.com/products/doctors-coat-female-dco1f.html]
[uniformcraft.com/collections/doctor-coats/products/doctors-coat-female-dco1f.html]
[uniformcraft.com/products/lab-coat-male-lc01m.html]
[uniformcraft.com/collections/doctor-coats/products/lab-coat-male-lc01m.html]
[uniformcraft.com/products/lab-coat-female-lc01f.html]
[uniformcraft.com/collections/doctor-coats/products/lab-coat-female-lc01f.html]
[uniformcraft.com/products/lab-coat-unisex-lcc.html]
[uniformcraft.com/collections/doctor-coats/products/lab-coat-unisex-lcc.html]
[uniformcraft.com/products/scrub-cap.html]
[uniformcraft.com/collections/scrub-caps/products/scrub-cap.html]
[uniformcraft.com/products/scrub-cap-buy-any-2.html]
[uniformcraft.com/collections/scrub-caps/products/scrub-cap-buy-any-2.html]
[uniformcraft.com/products/scrub-cap-print-b.html]
[uniformcraft.com/collections/scrub-caps/products/scrub-cap-print-b.html]
[uniformcraft.com/products/scrub-cap-print-c-purr-fect.html]
[uniformcraft.com/collections/scrub-caps/products/scrub-cap-print-c-purr-fect.html]
[uniformcraft.com/products/scrub-cap-print-d-puppy-love.html]
[uniformcraft.com/collections/scrub-caps/products/scrub-cap-print-d-puppy-love.html]
[uniformcraft.com/products/scrub-cap-spring.html]
[uniformcraft.com/collections/scrub-caps/products/scrub-cap-spring.html]
[uniformcraft.com/products/scrub-cap-starry-night.html]
[uniformcraft.com/collections/scrub-caps/products/scrub-cap-starry-night.html]
[uniformcraft.com/products/scrub-cap-heart-beat.html]
[uniformcraft.com/collections/scrub-caps/products/scrub-cap-heart-beat.html]
[uniformcraft.com/products/scrub-cap-flora.html]
[uniformcraft.com/collections/scrub-caps/products/scrub-cap-flora.html]
[uniformcraft.com/products/copy-of-scrub-cap-flora.html]
[uniformcraft.com/collections/scrub-caps/products/copy-of-scrub-cap-flora.html]
[uniformcraft.com/products/copy-of-scrub-cap-code-blue.html]
[uniformcraft.com/collections/scrub-caps/products/copy-of-scrub-cap-code-blue.html]
[uniformcraft.com/products/patient-gown-front-open-blue-dots.html]
[uniformcraft.com/collections/patient-wear/products/patient-gown-front-open-blue-dots.html]
[uniformcraft.com/products/patient-gown-back-open-blue-dots.html]
[uniformcraft.com/collections/patient-wear/products/patient-gown-back-open-blue-dots.html]
[uniformcraft.com/products/patient-gown-front-open-dobby-checks.html]
[uniformcraft.com/collections/patient-wear/products/patient-gown-front-open-dobby-checks.html]
[uniformcraft.com/products/unisex-patient-gown-bog-dobby-checks.html]
[uniformcraft.com/collections/patient-wear/products/unisex-patient-gown-bog-dobby-checks.html]
[uniformcraft.com/products/unisex-patient-gown-ot-icu-bog.html]
[uniformcraft.com/collections/patient-wear/products/unisex-patient-gown-ot-icu-bog.html]
[uniformcraft.com/products/patient-top-pyjama-blue-dots.html]
[uniformcraft.com/collections/patient-wear/products/patient-top-pyjama-blue-dots.html]
[uniformcraft.com/products/bedsheet-brown-dots-58-x-100.html]
[uniformcraft.com/collections/bedsheets/products/bedsheet-brown-dots-58-x-100.html]
[uniformcraft.com/products/pillow-covers-brown-dots-21-x-28.html]
[uniformcraft.com/collections/bedsheets/products/pillow-covers-brown-dots-21-x-28.html]
[uniformcraft.com/products/copy-of-bedsheets-dots-design-58-x-100-pack-of-2.html]
[uniformcraft.com/collections/bedsheets/products/copy-of-bedsheets-dots-design-58-x-100-pack-of-2.html]
[uniformcraft.com/products/pillow-covers-solids-21-x-28-pack-of-2.html]
[uniformcraft.com/collections/bedsheets/products/pillow-covers-solids-21-x-28-pack-of-2.html]
[uniformcraft.com/collections/non-clinical4658.html]
[uniformcraft.com/products/womens-front-office-shirt.html]
[uniformcraft.com/collections/non-clinical/products/womens-front-office-shirt.html]
[uniformcraft.com/products/womens-formal-trouser.html]
[uniformcraft.com/collections/non-clinical/products/womens-formal-trouser.html]
[uniformcraft.com/products/mens-front-office-shirt.html]
[uniformcraft.com/collections/non-clinical/products/mens-front-office-shirt.html]
[uniformcraft.com/products/male-nurse-pant-1.html]
[uniformcraft.com/collections/non-clinical/products/male-nurse-pant-1.html]
[uniformcraft.com/products/female-support-staff-ss01.html]
[uniformcraft.com/collections/non-clinical/products/female-support-staff-ss01.html]
[uniformcraft.com/collections/non-clinical/products/male-support-staff-mss01.html]
[uniformcraft.com/collections/non-clinical/products/male-support-staff-mss02.html]
[uniformcraft.com/products/female-support-staff-ss02.html]
[uniformcraft.com/collections/non-clinical/products/female-support-staff-ss02.html]
[uniformcraft.com/products/admin-saree.html]
[uniformcraft.com/collections/non-clinical/products/admin-saree.html]
[uniformcraft.com/products/female-support-staff-ss03.html]
[uniformcraft.com/collections/non-clinical/products/female-support-staff-ss03.html]
[uniformcraft.com/products/female-support-staff-ss04.html]
[uniformcraft.com/collections/non-clinical/products/female-support-staff-ss04.html]
[uniformcraft.com/products/men-s-pique-polo-t-shirt.html]
[uniformcraft.com/collections/non-clinical/products/men-s-pique-polo-t-shirt.html]
[uniformcraft.com/products/men-s-pique-polo-t-shirt-copy.html]
[uniformcraft.com/collections/non-clinical/products/men-s-pique-polo-t-shirt-copy.html]
[uniformcraft.com/products/male-support-staff-mss05.html]
[uniformcraft.com/collections/non-clinical/products/male-support-staff-mss05.html]
[uniformcraft.com/products/male-support-staff-mss01-copy.html]
[uniformcraft.com/collections/non-clinical/products/male-support-staff-mss01-copy.html]
[uniformcraft.com/products/male-support-staff-mss01-copy-1.html]
[uniformcraft.com/collections/non-clinical/products/male-support-staff-mss01-copy-1.html]
[uniformcraft.com/blogs/news/POST.html]
[uniformcraft.com/blogs/news.html]
[uniformcraft.com/blogs/news/18595019-size-guide.html]
[uniformcraft.com/collections/front-desk-attire/products/womens-front-office-shirt.html]
[uniformcraft.com/collections/front-desk-attire/products/mens-front-office-shirt.html]
[uniformcraft.com/collections/front-desk-attire/products/womens-formal-trouser.html]
[uniformcraft.com/collections/front-desk-attire/products/male-nurse-pant-1.html]
[uniformcraft.com/collections/front-desk-attire/products/admin-saree.html]
[uniformcraft.com/collections/support-staff/products/female-support-staff-ss01.html]
[uniformcraft.com/collections/support-staff/products/male-support-staff-mss01.html]
[uniformcraft.com/collections/support-staff/products/male-support-staff-mss02.html]
[uniformcraft.com/collections/support-staff/products/female-support-staff-ss02.html]
[uniformcraft.com/collections/support-staff/products/female-support-staff-ss03.html]
[uniformcraft.com/collections/support-staff/products/female-support-staff-ss04.html]
[uniformcraft.com/collections/support-staff/products/male-support-staff-mss05.html]
[uniformcraft.com/collections/support-staff/products/male-support-staff-mss01-copy.html]
[uniformcraft.com/collections/support-staff/products/male-support-staff-mss01-copy-1.html]
[uniformcraft.com/products/male-support-staff-mss01-copy-2.html]
[uniformcraft.com/collections/support-staff/products/male-support-staff-mss01-copy-2.html]
[uniformcraft.com/products/support-staff-vest-female-ssv.html]
[uniformcraft.com/collections/support-staff/products/support-staff-vest-female-ssv.html]
[uniformcraft.com/products/male-support-staff-mss02-island-blue.html]
[uniformcraft.com/collections/support-staff/products/male-support-staff-mss02-island-blue.html]
[uniformcraft.com/products/male-support-staff-mss02-mustard.html]
[uniformcraft.com/collections/support-staff/products/male-support-staff-mss02-mustard.html]
[uniformcraft.com/products/male-support-staff-mss02-light-teal-1.html]
[uniformcraft.com/collections/support-staff/products/male-support-staff-mss02-light-teal-1.html]
[uniformcraft.com/collections/t-shirts/products/men-s-pique-polo-t-shirt.html]
[uniformcraft.com/collections/t-shirts/products/men-s-pique-polo-t-shirt-copy.html]
[uniformcraft.com/account/POST.html]
[uniformcraft.com/collections/all4658.html]
[uniformcraft.com/collections/all/products/female-nurse-uniform-nt03-oakbrown-yellow.html]
[uniformcraft.com/collections/all/products/nurse-uniform-nt09-ginger-yellow-navy.html]
[uniformcraft.com/collections/all/products/nurse-uniform-set-nt11-light-purple-white.html]
[uniformcraft.com/collections/all/products/nurse-uniform-nt07-light-teal-navy.html]
[uniformcraft.com/collections/all/products/female-scrub-suit-dsvx.html]
[uniformcraft.com/collections/all/products/mens-scrub-suit.html]
[uniformcraft.com/collections/all/products/nurse-uniform-nt04-sky-blue-yellow.html]
[uniformcraft.com/collections/all/products/nursing-uniform-set-nt01-1.html]
[uniformcraft.com/collections/all/products/nurse-uniform-nt10.html]
[uniformcraft.com/collections/all/products/nt02-female-nurse-uniform.html]
[uniformcraft.com/collections/all/products/male-support-staff-shirt.html]
[uniformcraft.com/collections/all/products/male-nurse-shirt-mnt01.html]
[uniformcraft.com/collections/all/products/doctors-coat-female-dco1f.html]
[uniformcraft.com/collections/all/products/lab-coat-male-lc01m.html]
[uniformcraft.com/collections/all/products/patient-gown-back-open-blue-dots.html]
[uniformcraft.com/collections/all/products/patient-gown-front-open-blue-dots.html]
[uniformcraft.com/collections/all9ba9.html]
[uniformcraft.com/collections/allc575.html]
[uniformcraft.com/products/POST.html]
[uniformcraft.com/collections/our-bestsellers/products/POST.html]
[uniformcraft.com/collections/our-bestsellers.html]
[uniformcraft.com/cdn/shop/files/NT02-LP-FRONT_grande108a.jpg]
